Archive member included to satisfy reference by file (symbol)

c:/progra~1/raspbe~1/picosd~1.1/gcc-ar~1/bin/../lib/gcc/arm-none-eabi/10.3.1/thumb/v6-m/nofp\libgcc.a(_dvmd_tls.o)
                              CMakeFiles/test.dir/C_/Pico/pico-sdk/src/rp2_common/pico_divider/divider_hardware.S.obj (__aeabi_idiv0)
c:/progra~1/raspbe~1/picosd~1.1/gcc-ar~1/bin/../lib/gcc/arm-none-eabi/10.3.1/../../../../arm-none-eabi/lib/thumb/v6-m/nofp\libg.a(lib_a-calloc.o)
                              CMakeFiles/test.dir/C_/Pico/pico-sdk/src/rp2_common/pico_malloc/malloc.c.obj (calloc)
c:/progra~1/raspbe~1/picosd~1.1/gcc-ar~1/bin/../lib/gcc/arm-none-eabi/10.3.1/../../../../arm-none-eabi/lib/thumb/v6-m/nofp\libg.a(lib_a-callocr.o)
                              c:/progra~1/raspbe~1/picosd~1.1/gcc-ar~1/bin/../lib/gcc/arm-none-eabi/10.3.1/../../../../arm-none-eabi/lib/thumb/v6-m/nofp\libg.a(lib_a-calloc.o) (_calloc_r)
c:/progra~1/raspbe~1/picosd~1.1/gcc-ar~1/bin/../lib/gcc/arm-none-eabi/10.3.1/../../../../arm-none-eabi/lib/thumb/v6-m/nofp\libg.a(lib_a-ctype_.o)
                              CMakeFiles/test.dir/C_/Pico/pico-sdk/lib/tinyusb/src/tusb.c.obj (_ctype_)
c:/progra~1/raspbe~1/picosd~1.1/gcc-ar~1/bin/../lib/gcc/arm-none-eabi/10.3.1/../../../../arm-none-eabi/lib/thumb/v6-m/nofp\libg.a(lib_a-errno.o)
                              c:/progra~1/raspbe~1/picosd~1.1/gcc-ar~1/bin/../lib/gcc/arm-none-eabi/10.3.1/../../../../arm-none-eabi/lib/thumb/v6-m/nofp\libg.a(lib_a-callocr.o) (__errno)
c:/progra~1/raspbe~1/picosd~1.1/gcc-ar~1/bin/../lib/gcc/arm-none-eabi/10.3.1/../../../../arm-none-eabi/lib/thumb/v6-m/nofp\libg.a(lib_a-impure.o)
                              c:/progra~1/raspbe~1/picosd~1.1/gcc-ar~1/bin/../lib/gcc/arm-none-eabi/10.3.1/../../../../arm-none-eabi/lib/thumb/v6-m/nofp\libg.a(lib_a-calloc.o) (_impure_ptr)
c:/progra~1/raspbe~1/picosd~1.1/gcc-ar~1/bin/../lib/gcc/arm-none-eabi/10.3.1/../../../../arm-none-eabi/lib/thumb/v6-m/nofp\libg.a(lib_a-init.o)
                              c:/progra~1/raspbe~1/picosd~1.1/gcc-ar~1/bin/../lib/gcc/arm-none-eabi/10.3.1/../../../../arm-none-eabi/lib/thumb/v6-m/nofp/crt0.o (__libc_init_array)
c:/progra~1/raspbe~1/picosd~1.1/gcc-ar~1/bin/../lib/gcc/arm-none-eabi/10.3.1/../../../../arm-none-eabi/lib/thumb/v6-m/nofp\libg.a(lib_a-lcltime_r.o)
                              CMakeFiles/test.dir/C_/Pico/pico-sdk/src/common/pico_util/datetime.c.obj (localtime_r)
c:/progra~1/raspbe~1/picosd~1.1/gcc-ar~1/bin/../lib/gcc/arm-none-eabi/10.3.1/../../../../arm-none-eabi/lib/thumb/v6-m/nofp\libg.a(lib_a-malloc.o)
                              CMakeFiles/test.dir/C_/Pico/pico-sdk/src/rp2_common/pico_malloc/malloc.c.obj (malloc)
c:/progra~1/raspbe~1/picosd~1.1/gcc-ar~1/bin/../lib/gcc/arm-none-eabi/10.3.1/../../../../arm-none-eabi/lib/thumb/v6-m/nofp\libg.a(lib_a-mallocr.o)
                              c:/progra~1/raspbe~1/picosd~1.1/gcc-ar~1/bin/../lib/gcc/arm-none-eabi/10.3.1/../../../../arm-none-eabi/lib/thumb/v6-m/nofp\libg.a(lib_a-callocr.o) (_malloc_r)
c:/progra~1/raspbe~1/picosd~1.1/gcc-ar~1/bin/../lib/gcc/arm-none-eabi/10.3.1/../../../../arm-none-eabi/lib/thumb/v6-m/nofp\libg.a(lib_a-memcmp.o)
                              CMakeFiles/test.dir/C_/Pico/pico-sdk/src/rp2_common/pico_atomic/atomic.c.obj (memcmp)
c:/progra~1/raspbe~1/picosd~1.1/gcc-ar~1/bin/../lib/gcc/arm-none-eabi/10.3.1/../../../../arm-none-eabi/lib/thumb/v6-m/nofp\libg.a(lib_a-mktime.o)
                              CMakeFiles/test.dir/C_/Pico/pico-sdk/src/common/pico_util/datetime.c.obj (mktime)
c:/progra~1/raspbe~1/picosd~1.1/gcc-ar~1/bin/../lib/gcc/arm-none-eabi/10.3.1/../../../../arm-none-eabi/lib/thumb/v6-m/nofp\libg.a(lib_a-mlock.o)
                              c:/progra~1/raspbe~1/picosd~1.1/gcc-ar~1/bin/../lib/gcc/arm-none-eabi/10.3.1/../../../../arm-none-eabi/lib/thumb/v6-m/nofp\libg.a(lib_a-mallocr.o) (__malloc_lock)
c:/progra~1/raspbe~1/picosd~1.1/gcc-ar~1/bin/../lib/gcc/arm-none-eabi/10.3.1/../../../../arm-none-eabi/lib/thumb/v6-m/nofp\libg.a(lib_a-month_lengths.o)
                              c:/progra~1/raspbe~1/picosd~1.1/gcc-ar~1/bin/../lib/gcc/arm-none-eabi/10.3.1/../../../../arm-none-eabi/lib/thumb/v6-m/nofp\libg.a(lib_a-lcltime_r.o) (__month_lengths)
c:/progra~1/raspbe~1/picosd~1.1/gcc-ar~1/bin/../lib/gcc/arm-none-eabi/10.3.1/../../../../arm-none-eabi/lib/thumb/v6-m/nofp\libg.a(lib_a-realloc.o)
                              CMakeFiles/test.dir/C_/Pico/pico-sdk/src/rp2_common/pico_malloc/malloc.c.obj (realloc)
c:/progra~1/raspbe~1/picosd~1.1/gcc-ar~1/bin/../lib/gcc/arm-none-eabi/10.3.1/../../../../arm-none-eabi/lib/thumb/v6-m/nofp\libg.a(lib_a-reallocr.o)
                              c:/progra~1/raspbe~1/picosd~1.1/gcc-ar~1/bin/../lib/gcc/arm-none-eabi/10.3.1/../../../../arm-none-eabi/lib/thumb/v6-m/nofp\libg.a(lib_a-realloc.o) (_realloc_r)
[...]
Memory Configuration

Name             Origin             Length             Attributes
FLASH            0x10000000         0x00200000         xr
RAM              0x20000000         0x00040000         xrw
SCRATCH_X        0x20040000         0x00001000         xrw
SCRATCH_Y        0x20041000         0x00001000         xrw
*default*        0x00000000         0xffffffff

Linker script and memory map

LOAD c:/progra~1/raspbe~1/picosd~1.1/gcc-ar~1/bin/../lib/gcc/arm-none-eabi/10.3.1/thumb/v6-m/nofp/crti.o
LOAD c:/progra~1/raspbe~1/picosd~1.1/gcc-ar~1/bin/../lib/gcc/arm-none-eabi/10.3.1/thumb/v6-m/nofp/crtbegin.o
LOAD c:/progra~1/raspbe~1/picosd~1.1/gcc-ar~1/bin/../lib/gcc/arm-none-eabi/10.3.1/../../../../arm-none-eabi/lib/thumb/v6-m/nofp/crt0.o

.flash_begin    0x10000000        0x0
                0x10000000                __flash_binary_start = .

.boot2          0x10000000      0x100
                0x10000000                __boot2_start__ = .
 *(.boot2)
 .boot2         0x10000000      0x100 pico-sdk\src\rp2040\boot_stage2\CMakeFiles\bs2_default_library.dir\bs2_default_padded_checksummed.S.obj
                0x10000100                __boot2_end__ = .
                0x00000001                ASSERT (((__boot2_end__ - __boot2_start__) == 0x100), ERROR: Pico second stage bootloader must be 256 bytes in size)

.text           0x10000100     0x67e4
                0x10000100                __logical_binary_start = .
 *(.vectors)
 .vectors       0x10000100       0xd4 CMakeFiles/test.dir/C_/Pico/pico-sdk/src/rp2_common/pico_crt0/crt0.S.obj
                0x10000100                __VECTOR_TABLE
                0x10000100                __vectors
                0x100001c0                isr_invalid
                0x100001c0                __default_isrs_start
                0x100001c2                isr_nmi
                0x100001c4                isr_hardfault
                0x100001c6                isr_svcall
                0x100001c8                isr_pendsv
                0x100001ca                isr_systick
                0x100001cc                isr_irq23
                0x100001cc                isr_irq18
                0x100001cc                isr_irq11
                0x100001cc                isr_irq28
                0x100001cc                isr_irq19
                0x100001cc                isr_irq0
                0x100001cc                isr_irq6
                0x100001cc                isr_irq5
                0x100001cc                isr_irq12
                0x100001cc                isr_irq22
                0x100001cc                isr_irq31
                0x100001cc                isr_irq17
                0x100001cc                isr_irq27
                0x100001cc                isr_irq30
                0x100001cc                isr_irq2
                0x100001cc                isr_irq10
                0x100001cc                isr_irq8
                0x100001cc                isr_irq24
                0x100001cc                isr_irq1
                0x100001cc                isr_irq7
                0x100001cc                isr_irq21
                0x100001cc                isr_irq20
                0x100001cc                isr_irq15
                0x100001cc                isr_irq25
                0x100001cc                isr_irq13
                0x100001cc                __unhandled_user_irq
                0x100001cc                isr_irq4
                0x100001cc                isr_irq16
                0x100001cc                isr_irq29
                0x100001cc                isr_irq26
                0x100001cc                __default_isrs_end
                0x100001cc                isr_irq3
                0x100001cc                isr_irq14
                0x100001cc                isr_irq9
                0x100001d2                unhandled_user_irq_num_in_r0
 *(.binary_info_header)
 .binary_info_header
                0x100001d4       0x14 CMakeFiles/test.dir/C_/Pico/pico-sdk/src/rp2_common/pico_crt0/crt0.S.obj
                0x100001e8                __binary_info_header_end = .
 *(.embedded_block)
                0x100001e8                __embedded_block_end = .
 *(.reset)
 .reset         0x100001e8       0x9c CMakeFiles/test.dir/C_/Pico/pico-sdk/src/rp2_common/pico_crt0/crt0.S.obj
                0x100001e8                _entry_point
 *(.init)
 .init          0x10000284        0x4 c:/progra~1/raspbe~1/picosd~1.1/gcc-ar~1/bin/../lib/gcc/arm-none-eabi/10.3.1/thumb/v6-m/nofp/crti.o
                0x10000284                _init
 *(EXCLUDE_FILE(*libm.a: *libc.a:*lib_a-mem*.o *libgcc.a:) .text*)
 .text          0x10000288       0x48 c:/progra~1/raspbe~1/picosd~1.1/gcc-ar~1/bin/../lib/gcc/arm-none-eabi/10.3.1/thumb/v6-m/nofp/crtbegin.o
 .text.main     0x100002d0       0x3c CMakeFiles/test.dir/test.c.obj
                0x100002d0                main
 .text.gpio_set_function
                0x1000030c       0x34 CMakeFiles/test.dir/C_/Pico/pico-sdk/src/rp2_common/hardware_gpio/gpio.c.obj
                0x1000030c                gpio_set_function
 .text.gpio_init
                0x10000340       0x16 CMakeFiles/test.dir/C_/Pico/pico-sdk/src/rp2_common/hardware_gpio/gpio.c.obj
                0x10000340                gpio_init
 *fill*         0x10000356        0x2 
 .text.rp2040_chip_version
                0x10000358       0x4c CMakeFiles/test.dir/C_/Pico/pico-sdk/src/rp2040/pico_platform/platform.c.obj
                0x10000358                rp2040_chip_version
 .text.panic    0x100003a4       0x30 CMakeFiles/test.dir/C_/Pico/pico-sdk/src/rp2_common/pico_platform_panic/panic.c.obj
                0x100003a4                panic
 .text.hw_claim_lock
                0x100003d4       0x18 CMakeFiles/test.dir/C_/Pico/pico-sdk/src/common/hardware_claim/claim.c.obj
                0x100003d4                hw_claim_lock
 .text.hw_claim_unlock
                0x100003ec       0x14 CMakeFiles/test.dir/C_/Pico/pico-sdk/src/common/hardware_claim/claim.c.obj
                0x100003ec                hw_claim_unlock
 .text.hw_claim_or_assert
                0x10000400       0x32 CMakeFiles/test.dir/C_/Pico/pico-sdk/src/common/hardware_claim/claim.c.obj
                0x10000400                hw_claim_or_assert
 .text.hw_claim_unused_from_range
                0x10000432       0x50 CMakeFiles/test.dir/C_/Pico/pico-sdk/src/common/hardware_claim/claim.c.obj
                0x10000432                hw_claim_unused_from_range
 *fill*         0x10000482        0x2 
 .text.next_striped_spin_lock_num
                0x10000484       0x1c CMakeFiles/test.dir/C_/Pico/pico-sdk/src/rp2_common/hardware_sync/sync.c.obj
                0x10000484                next_striped_spin_lock_num
 .text.spin_lock_claim_unused
                0x100004a0       0x20 CMakeFiles/test.dir/C_/Pico/pico-sdk/src/rp2_common/hardware_sync/sync.c.obj
                0x100004a0                spin_lock_claim_unused
 .text.spin_locks_reset
                0x100004c0       0x20 CMakeFiles/test.dir/C_/Pico/pico-sdk/src/rp2_common/hardware_sync_spin_lock/sync_spin_lock.c.obj
                0x100004c0                spin_locks_reset
 .text.set_raw_irq_handler_and_unlock
                0x100004e0       0x28 CMakeFiles/test.dir/C_/Pico/pico-sdk/src/rp2_common/hardware_irq/irq.c.obj
 .text.nvic_ipr0
                0x10000508        0x8 CMakeFiles/test.dir/C_/Pico/pico-sdk/src/rp2_common/hardware_irq/irq.c.obj
 .text.runtime_init_per_core_irq_priorities
                0x10000510       0x1c CMakeFiles/test.dir/C_/Pico/pico-sdk/src/rp2_common/hardware_irq/irq.c.obj
                0x10000510                runtime_init_per_core_irq_priorities
 .text.make_j_16
                0x1000052c       0x4c CMakeFiles/test.dir/C_/Pico/pico-sdk/src/rp2_common/hardware_irq/irq.c.obj
 .text.irq_is_enabled
                0x10000578       0x18 CMakeFiles/test.dir/C_/Pico/pico-sdk/src/rp2_common/hardware_irq/irq.c.obj
                0x10000578                irq_is_enabled
 .text.irq_set_mask_n_enabled
                0x10000590       0x1c CMakeFiles/test.dir/C_/Pico/pico-sdk/src/rp2_common/hardware_irq/irq.c.obj
                0x10000590                irq_set_mask_n_enabled
 .text.irq_set_enabled
                0x100005ac       0x14 CMakeFiles/test.dir/C_/Pico/pico-sdk/src/rp2_common/hardware_irq/irq.c.obj
                0x100005ac                irq_set_enabled
 .text.irq_set_pending
                0x100005c0       0x10 CMakeFiles/test.dir/C_/Pico/pico-sdk/src/rp2_common/hardware_irq/irq.c.obj
                0x100005c0                irq_set_pending
 .text.irq_get_vtable_handler
                0x100005d0       0x10 CMakeFiles/test.dir/C_/Pico/pico-sdk/src/rp2_common/hardware_irq/irq.c.obj
                0x100005d0                irq_get_vtable_handler
 .text.irq_has_shared_handler
                0x100005e0       0x24 CMakeFiles/test.dir/C_/Pico/pico-sdk/src/rp2_common/hardware_irq/irq.c.obj
                0x100005e0                irq_has_shared_handler
 .text.irq_set_exclusive_handler
                0x10000604       0x54 CMakeFiles/test.dir/C_/Pico/pico-sdk/src/rp2_common/hardware_irq/irq.c.obj
                0x10000604                irq_set_exclusive_handler
 .text.irq_add_shared_handler
                0x10000658      0x238 CMakeFiles/test.dir/C_/Pico/pico-sdk/src/rp2_common/hardware_irq/irq.c.obj
                0x10000658                irq_add_shared_handler
 .text.irq_add_tail_to_free_list
                0x10000890       0xf4 CMakeFiles/test.dir/C_/Pico/pico-sdk/src/rp2_common/hardware_irq/irq.c.obj
                0x10000890                irq_add_tail_to_free_list
 .text.user_irq_claim_unused
                0x10000984       0x28 CMakeFiles/test.dir/C_/Pico/pico-sdk/src/rp2_common/hardware_irq/irq.c.obj
                0x10000984                user_irq_claim_unused
 .text.lock_init
                0x100009ac       0x10 CMakeFiles/test.dir/C_/Pico/pico-sdk/src/common/pico_sync/lock_core.c.obj
                0x100009ac                lock_init
 .text.mutex_init
                0x100009bc       0x1a CMakeFiles/test.dir/C_/Pico/pico-sdk/src/common/pico_sync/mutex.c.obj
                0x100009bc                mutex_init
 .text.recursive_mutex_init
                0x100009d6       0x1e CMakeFiles/test.dir/C_/Pico/pico-sdk/src/common/pico_sync/mutex.c.obj
                0x100009d6                recursive_mutex_init
 .text.runtime_init_mutex
                0x100009f4       0x4c CMakeFiles/test.dir/C_/Pico/pico-sdk/src/common/pico_sync/mutex.c.obj
                0x100009f4                runtime_init_mutex
 .text.critical_section_init_with_lock_num
                0x10000a40       0x14 CMakeFiles/test.dir/C_/Pico/pico-sdk/src/common/pico_sync/critical_section.c.obj
                0x10000a40                critical_section_init_with_lock_num
 .text.critical_section_init
                0x10000a54       0x14 CMakeFiles/test.dir/C_/Pico/pico-sdk/src/common/pico_sync/critical_section.c.obj
                0x10000a54                critical_section_init
 .text.make_alarm_id
                0x10000a68        0x6 CMakeFiles/test.dir/C_/Pico/pico-sdk/src/common/pico_time/time.c.obj
 *fill*         0x10000a6e        0x2 
 .text.sleep_until_callback
                0x10000a70       0x30 CMakeFiles/test.dir/C_/Pico/pico-sdk/src/common/pico_time/time.c.obj
 .text.alarm_pool_irq_handler
                0x10000aa0      0x2f0 CMakeFiles/test.dir/C_/Pico/pico-sdk/src/common/pico_time/time.c.obj
 .text.alarm_pool_post_alloc_init
                0x10000d90       0x94 CMakeFiles/test.dir/C_/Pico/pico-sdk/src/common/pico_time/time.c.obj
 .text.alarm_pool_get_default
                0x10000e24       0x2c CMakeFiles/test.dir/C_/Pico/pico-sdk/src/common/pico_time/time.c.obj
                0x10000e24                alarm_pool_get_default
 .text.alarm_pool_add_alarm_at_force_in_context
                0x10000e50       0xb0 CMakeFiles/test.dir/C_/Pico/pico-sdk/src/common/pico_time/time.c.obj
                0x10000e50                alarm_pool_add_alarm_at_force_in_context
 .text.alarm_pool_add_alarm_at
                0x10000f00       0x3c CMakeFiles/test.dir/C_/Pico/pico-sdk/src/common/pico_time/time.c.obj
                0x10000f00                alarm_pool_add_alarm_at
 .text.alarm_pool_cancel_alarm
                0x10000f3c       0x78 CMakeFiles/test.dir/C_/Pico/pico-sdk/src/common/pico_time/time.c.obj
                0x10000f3c                alarm_pool_cancel_alarm
 .text.alarm_pool_core_num
                0x10000fb4        0x4 CMakeFiles/test.dir/C_/Pico/pico-sdk/src/common/pico_time/time.c.obj
                0x10000fb4                alarm_pool_core_num
 .text.sleep_until
                0x10000fb8       0xc8 CMakeFiles/test.dir/C_/Pico/pico-sdk/src/common/pico_time/time.c.obj
                0x10000fb8                sleep_until
 .text.sleep_us
                0x10001080       0x24 CMakeFiles/test.dir/C_/Pico/pico-sdk/src/common/pico_time/time.c.obj
                0x10001080                sleep_us
 .text.sleep_ms
                0x100010a4       0x14 CMakeFiles/test.dir/C_/Pico/pico-sdk/src/common/pico_time/time.c.obj
                0x100010a4                sleep_ms
 .text.best_effort_wfe_or_timeout
                0x100010b8      0x114 CMakeFiles/test.dir/C_/Pico/pico-sdk/src/common/pico_time/time.c.obj
                0x100010b8                best_effort_wfe_or_timeout
 .text.alarm_pool_get_default_timer
                0x100011cc        0x8 CMakeFiles/test.dir/C_/Pico/pico-sdk/src/common/pico_time/time.c.obj
                0x100011cc                alarm_pool_get_default_timer
 .text.runtime_init_default_alarm_pool
                0x100011d4       0x38 CMakeFiles/test.dir/C_/Pico/pico-sdk/src/common/pico_time/time.c.obj
                0x100011d4                runtime_init_default_alarm_pool
 .text.timer_hardware_alarm_claim
                0x1000120c       0x14 CMakeFiles/test.dir/C_/Pico/pico-sdk/src/rp2_common/hardware_timer/timer.c.obj
                0x1000120c                timer_hardware_alarm_claim
 .text.timer_time_us_64
                0x10001220       0x10 CMakeFiles/test.dir/C_/Pico/pico-sdk/src/rp2_common/hardware_timer/timer.c.obj
                0x10001220                timer_time_us_64
 .text.timer_busy_wait_until
                0x10001230       0x1a CMakeFiles/test.dir/C_/Pico/pico-sdk/src/rp2_common/hardware_timer/timer.c.obj
                0x10001230                timer_busy_wait_until
 *fill*         0x1000124a        0x2 
 .text.time_us_64
                0x1000124c       0x10 CMakeFiles/test.dir/C_/Pico/pico-sdk/src/rp2_common/hardware_timer/timer.c.obj
                0x1000124c                time_us_64
 .text.busy_wait_until
                0x1000125c       0x14 CMakeFiles/test.dir/C_/Pico/pico-sdk/src/rp2_common/hardware_timer/timer.c.obj
                0x1000125c                busy_wait_until
 .text.clock_configure_internal
                0x10001270       0xc4 CMakeFiles/test.dir/C_/Pico/pico-sdk/src/rp2_common/hardware_clocks/clocks.c.obj
 .text.clock_configure_int_divider
                0x10001334       0x28 CMakeFiles/test.dir/C_/Pico/pico-sdk/src/rp2_common/hardware_clocks/clocks.c.obj
                0x10001334                clock_configure_int_divider
 .text.clock_configure_undivided
                0x1000135c       0x12 CMakeFiles/test.dir/C_/Pico/pico-sdk/src/rp2_common/hardware_clocks/clocks.c.obj
                0x1000135c                clock_configure_undivided
 *fill*         0x1000136e        0x2 
 .text.clock_get_hz
                0x10001370        0xc CMakeFiles/test.dir/C_/Pico/pico-sdk/src/rp2_common/hardware_clocks/clocks.c.obj
                0x10001370                clock_get_hz
 .text.pll_init
                0x1000137c      0x120 CMakeFiles/test.dir/C_/Pico/pico-sdk/src/rp2_common/hardware_pll/pll.c.obj
                0x1000137c                pll_init
 .text.watchdog_update
                0x1000149c       0x14 CMakeFiles/test.dir/C_/Pico/pico-sdk/src/rp2_common/hardware_watchdog/watchdog.c.obj
                0x1000149c                watchdog_update
 .text._watchdog_enable
                0x100014b0       0x7c CMakeFiles/test.dir/C_/Pico/pico-sdk/src/rp2_common/hardware_watchdog/watchdog.c.obj
                0x100014b0                _watchdog_enable
 .text.watchdog_reboot
                0x1000152c       0x48 CMakeFiles/test.dir/C_/Pico/pico-sdk/src/rp2_common/hardware_watchdog/watchdog.c.obj
                0x1000152c                watchdog_reboot
 .text.tick_start
                0x10001574       0x10 CMakeFiles/test.dir/C_/Pico/pico-sdk/src/rp2_common/hardware_ticks/ticks.c.obj
                0x10001574                tick_start
 .text.rom_func_lookup
                0x10001584       0x10 CMakeFiles/test.dir/C_/Pico/pico-sdk/src/rp2_common/pico_bootrom/bootrom.c.obj
                0x10001584                rom_func_lookup
 .text.rom_data_lookup
                0x10001594       0x10 CMakeFiles/test.dir/C_/Pico/pico-sdk/src/rp2_common/pico_bootrom/bootrom.c.obj
                0x10001594                rom_data_lookup
 .text.rom_funcs_lookup
                0x100015a4       0x36 CMakeFiles/test.dir/C_/Pico/pico-sdk/src/rp2_common/pico_bootrom/bootrom.c.obj
                0x100015a4                rom_funcs_lookup
 *fill*         0x100015da        0x2 
 .text.rom_reset_usb_boot_extra
                0x100015dc       0x24 CMakeFiles/test.dir/C_/Pico/pico-sdk/src/rp2_common/pico_bootrom/bootrom.c.obj
                0x100015dc                rom_reset_usb_boot_extra
 .text.xosc_init
                0x10001600       0x28 CMakeFiles/test.dir/C_/Pico/pico-sdk/src/rp2_common/hardware_xosc/xosc.c.obj
                0x10001600                xosc_init
 .text.runtime_run_initializers_from
                0x10001628       0x18 CMakeFiles/test.dir/C_/Pico/pico-sdk/src/rp2_common/pico_runtime/runtime.c.obj
 .text.first_per_core_initializer
                0x10001640        0x2 CMakeFiles/test.dir/C_/Pico/pico-sdk/src/rp2_common/pico_runtime/runtime.c.obj
 *fill*         0x10001642        0x2 
 .text.runtime_run_initializers
                0x10001644       0x10 CMakeFiles/test.dir/C_/Pico/pico-sdk/src/rp2_common/pico_runtime/runtime.c.obj
                0x10001644                runtime_run_initializers
 .text.runtime_init_early_resets
                0x10001654       0x2c CMakeFiles/test.dir/C_/Pico/pico-sdk/src/rp2_common/pico_runtime_init/runtime_init.c.obj
                0x10001654                runtime_init_early_resets
 .text.runtime_init_usb_power_down
                0x10001680       0x1c CMakeFiles/test.dir/C_/Pico/pico-sdk/src/rp2_common/pico_runtime_init/runtime_init.c.obj
                0x10001680                runtime_init_usb_power_down
 .text.runtime_init_post_clock_resets
                0x1000169c       0x20 CMakeFiles/test.dir/C_/Pico/pico-sdk/src/rp2_common/pico_runtime_init/runtime_init.c.obj
                0x1000169c                runtime_init_post_clock_resets
 .text.runtime_init_rp2040_gpio_ie_disable
                0x100016bc       0x14 CMakeFiles/test.dir/C_/Pico/pico-sdk/src/rp2_common/pico_runtime_init/runtime_init.c.obj
                0x100016bc                runtime_init_rp2040_gpio_ie_disable
 .text.runtime_init_spin_locks_reset
                0x100016d0        0x8 CMakeFiles/test.dir/C_/Pico/pico-sdk/src/rp2_common/pico_runtime_init/runtime_init.c.obj
                0x100016d0                runtime_init_spin_locks_reset
 .text.runtime_init_install_ram_vector_table
                0x100016d8       0x1c CMakeFiles/test.dir/C_/Pico/pico-sdk/src/rp2_common/pico_runtime_init/runtime_init.c.obj
                0x100016d8                runtime_init_install_ram_vector_table
 .text.start_all_ticks
                0x100016f4       0x28 CMakeFiles/test.dir/C_/Pico/pico-sdk/src/rp2_common/pico_runtime_init/runtime_init_clocks.c.obj
 .text.runtime_init_clocks
                0x1000171c       0xcc CMakeFiles/test.dir/C_/Pico/pico-sdk/src/rp2_common/pico_runtime_init/runtime_init_clocks.c.obj
                0x1000171c                runtime_init_clocks
 .text          0x100017e8       0x10 CMakeFiles/test.dir/C_/Pico/pico-sdk/src/rp2_common/pico_bit_ops/bit_ops_aeabi.S.obj
 .text.__wrap___aeabi_idiv
                0x100017f8       0x50 CMakeFiles/test.dir/C_/Pico/pico-sdk/src/rp2_common/pico_divider/divider_hardware.S.obj
                0x100017f8                __wrap___aeabi_idivmod
                0x100017f8                divmod_s32s32
                0x100017f8                div_s32s32
                0x100017f8                __wrap___aeabi_idiv
                0x10001800                divmod_s32s32_unsafe
                0x1000182c                divmod_s32s32_savestate
 .text.__wrap___aeabi_uidiv
                0x10001848       0x4c CMakeFiles/test.dir/C_/Pico/pico-sdk/src/rp2_common/pico_divider/divider_hardware.S.obj
                0x10001848                __wrap___aeabi_uidiv
                0x10001848                __wrap___aeabi_uidivmod
                0x10001848                div_u32u32
                0x10001848                divmod_u32u32
                0x10001850                divmod_u32u32_unsafe
                0x10001878                divmod_u32u32_savestate
 .text.__wrap___aeabi_ldiv
                0x10001894      0x424 CMakeFiles/test.dir/C_/Pico/pico-sdk/src/rp2_common/pico_divider/divider_hardware.S.obj
                0x10001894                div_s64s64
                0x10001894                divmod_s64s64
                0x10001894                __wrap___aeabi_ldivmod
                0x100018c4                divmod_u64u64
                0x100018c4                div_u64u64
                0x100018c4                __wrap___aeabi_uldivmod
                0x100018d4                divmod_u64u64_savestate
                0x100018f4                divmod_s64s64_unsafe
                0x1000197c                divmod_u64u64_unsafe
 .text.__wrap___aeabi_darithmetic
                0x10001cb8       0x80 CMakeFiles/test.dir/C_/Pico/pico-sdk/src/rp2_common/pico_double/double_aeabi_rp2040.S.obj
                0x10001cb8                __wrap___aeabi_drsub
                0x10001cbe                __wrap___aeabi_dsub
                0x10001cd0                __wrap___aeabi_dadd
                0x10001ce2                __wrap___aeabi_ddiv
                0x10001d1e                __wrap___aeabi_dmul
 .text.__wrap___aeabi_cdcmple
                0x10001d38       0x6c CMakeFiles/test.dir/C_/Pico/pico-sdk/src/rp2_common/pico_double/double_aeabi_rp2040.S.obj
                0x10001d38                __wrap___aeabi_cdrcmple
                0x10001d48                __wrap___aeabi_cdcmpeq
                0x10001d48                __wrap___aeabi_cdcmple
 .text.__wrap___aeabi_dcmplt
                0x10001da4        0xc CMakeFiles/test.dir/C_/Pico/pico-sdk/src/rp2_common/pico_double/double_aeabi_rp2040.S.obj
                0x10001da4                __wrap___aeabi_dcmplt
 .text.__wrap___aeabi_dcmple
                0x10001db0       0x10 CMakeFiles/test.dir/C_/Pico/pico-sdk/src/rp2_common/pico_double/double_aeabi_rp2040.S.obj
                0x10001db0                __wrap___aeabi_dcmple
 .text.__wrap___aeabi_dcmpge
                0x10001dc0       0x10 CMakeFiles/test.dir/C_/Pico/pico-sdk/src/rp2_common/pico_double/double_aeabi_rp2040.S.obj
                0x10001dc0                __wrap___aeabi_dcmpge
 .text.__wrap___aeabi_dcmpgt
                0x10001dd0        0xa CMakeFiles/test.dir/C_/Pico/pico-sdk/src/rp2_common/pico_double/double_aeabi_rp2040.S.obj
                0x10001dd0                __wrap___aeabi_dcmpgt
 .text.__wrap___aeabi_dcmpun
                0x10001dda       0x18 CMakeFiles/test.dir/C_/Pico/pico-sdk/src/rp2_common/pico_double/double_aeabi_rp2040.S.obj
                0x10001dda                __wrap___aeabi_dcmpun
 *fill*         0x10001df2        0x2 
 .text.__wrap___aeabi_i2d
                0x10001df4       0x38 CMakeFiles/test.dir/C_/Pico/pico-sdk/src/rp2_common/pico_double/double_aeabi_rp2040.S.obj
                0x10001df4                __wrap___aeabi_ui2d
                0x10001dfc                __wrap___aeabi_i2d
 .text.__wrap___aeabi_d2iz
                0x10001e2c       0x48 CMakeFiles/test.dir/C_/Pico/pico-sdk/src/rp2_common/pico_double/double_aeabi_rp2040.S.obj
                0x10001e2c                double2int_z
                0x10001e2c                __wrap___aeabi_d2iz
 .text.__wrap___aeabi_d2uiz
                0x10001e74       0x18 CMakeFiles/test.dir/C_/Pico/pico-sdk/src/rp2_common/pico_double/double_aeabi_rp2040.S.obj
                0x10001e74                __wrap___aeabi_d2uiz
                0x10001e74                double2uint
 .text.__aeabi_double_init
                0x10001e8c       0xc8 CMakeFiles/test.dir/C_/Pico/pico-sdk/src/rp2_common/pico_double/double_init_rom_rp2040.c.obj
                0x10001e8c                __aeabi_double_init
 .text.double_table_shim_on_use_helper
                0x10001f54       0x34 CMakeFiles/test.dir/C_/Pico/pico-sdk/src/rp2_common/pico_double/double_v1_rom_shim_rp2040.S.obj
                0x10001f54                double_table_shim_on_use_helper
 .text.__wrap___aeabi_dsub
                0x10001f88       0x10 CMakeFiles/test.dir/C_/Pico/pico-sdk/src/rp2_common/pico_double/double_v1_rom_shim_rp2040.S.obj
                0x10001f88                drsub_shim
                0x10001f8e                dsub_shim
 .text.dadd_shim
                0x10001f98      0x15c CMakeFiles/test.dir/C_/Pico/pico-sdk/src/rp2_common/pico_double/double_v1_rom_shim_rp2040.S.obj
                0x10001f98                dadd_shim
 .text.dmul_shim
                0x100020f4      0x15c CMakeFiles/test.dir/C_/Pico/pico-sdk/src/rp2_common/pico_double/double_v1_rom_shim_rp2040.S.obj
                0x100020f4                dmul_shim
 .text.ddiv_shim
                0x10002250      0x1b0 CMakeFiles/test.dir/C_/Pico/pico-sdk/src/rp2_common/pico_double/double_v1_rom_shim_rp2040.S.obj
                0x10002250                ddiv_shim
 .text.double2uint_shim
                0x10002400        0xe CMakeFiles/test.dir/C_/Pico/pico-sdk/src/rp2_common/pico_double/double_v1_rom_shim_rp2040.S.obj
                0x10002400                double2uint_shim
                0x10002402                double2ufix_shim
 *fill*         0x1000240e        0x2 
 .text.double2uint64_shim
                0x10002410       0x70 CMakeFiles/test.dir/C_/Pico/pico-sdk/src/rp2_common/pico_double/double_v1_rom_shim_rp2040.S.obj
                0x10002410                double2uint64_shim
                0x10002412                double2ufix64_shim
                0x10002432                d2fix_a
 .text.dunpacks
                0x10002480       0x3c CMakeFiles/test.dir/C_/Pico/pico-sdk/src/rp2_common/pico_double/double_v1_rom_shim_rp2040.S.obj
                0x10002480                dunpacks
 .text.__aeabi_lmul
                0x100024bc       0x32 CMakeFiles/test.dir/C_/Pico/pico-sdk/src/rp2_common/pico_int64_ops/pico_int64_ops_aeabi.S.obj
                0x100024bc                __wrap___aeabi_lmul
 *fill*         0x100024ee        0x2 
 .text.__aeabi_float_init
                0x100024f0       0xfc CMakeFiles/test.dir/C_/Pico/pico-sdk/src/rp2_common/pico_float/float_init_rom_rp2040.c.obj
                0x100024f0                __aeabi_float_init
 .text.float_table_shim_on_use_helper
                0x100025ec       0x34 CMakeFiles/test.dir/C_/Pico/pico-sdk/src/rp2_common/pico_float/float_v1_rom_shim_rp2040.S.obj
                0x100025ec                float_table_shim_on_use_helper
 .text          0x10002620       0x10 CMakeFiles/test.dir/C_/Pico/pico-sdk/src/rp2_common/pico_mem_ops/mem_ops_aeabi.S.obj
                0x10002620                __aeabi_mem_init
 .text.memset   0x10002630        0xc CMakeFiles/test.dir/C_/Pico/pico-sdk/src/rp2_common/pico_mem_ops/mem_ops_aeabi.S.obj
                0x10002630                __wrap_memset
 .text.memcpy   0x1000263c        0xc CMakeFiles/test.dir/C_/Pico/pico-sdk/src/rp2_common/pico_mem_ops/mem_ops_aeabi.S.obj
                0x1000263c                __wrap_memcpy
                0x1000263c                __wrap___aeabi_memcpy
 .text._out_null
                0x10002648        0x2 CMakeFiles/test.dir/C_/Pico/pico-sdk/src/rp2_common/pico_printf/printf.c.obj
 .text._out_fct
                0x1000264a        0xe CMakeFiles/test.dir/C_/Pico/pico-sdk/src/rp2_common/pico_printf/printf.c.obj
 .text._atoi    0x10002658       0x24 CMakeFiles/test.dir/C_/Pico/pico-sdk/src/rp2_common/pico_printf/printf.c.obj
 .text._out_rev
                0x1000267c       0xae CMakeFiles/test.dir/C_/Pico/pico-sdk/src/rp2_common/pico_printf/printf.c.obj
 .text._ntoa_format
                0x1000272a      0x112 CMakeFiles/test.dir/C_/Pico/pico-sdk/src/rp2_common/pico_printf/printf.c.obj
 .text._ntoa_long
                0x1000283c       0xbc CMakeFiles/test.dir/C_/Pico/pico-sdk/src/rp2_common/pico_printf/printf.c.obj
 .text._ntoa_long_long
                0x100028f8       0xe2 CMakeFiles/test.dir/C_/Pico/pico-sdk/src/rp2_common/pico_printf/printf.c.obj
 *fill*         0x100029da        0x2 
 .text._etoa    0x100029dc      0x414 CMakeFiles/test.dir/C_/Pico/pico-sdk/src/rp2_common/pico_printf/printf.c.obj
 .text._ftoa    0x10002df0      0x354 CMakeFiles/test.dir/C_/Pico/pico-sdk/src/rp2_common/pico_printf/printf.c.obj
 .text._vsnprintf
                0x10003144      0x624 CMakeFiles/test.dir/C_/Pico/pico-sdk/src/rp2_common/pico_printf/printf.c.obj
 .text.vfctprintf
                0x10003768       0x20 CMakeFiles/test.dir/C_/Pico/pico-sdk/src/rp2_common/pico_printf/printf.c.obj
                0x10003768                vfctprintf
 .text._exit    0x10003788        0x4 CMakeFiles/test.dir/C_/Pico/pico-sdk/src/rp2_common/pico_clib_interface/newlib_interface.c.obj
                0x10003788                _exit
 .text.exit     0x1000378c        0x6 CMakeFiles/test.dir/C_/Pico/pico-sdk/src/rp2_common/pico_clib_interface/newlib_interface.c.obj
                0x1000378c                exit
 *fill*         0x10003792        0x2 
 .text.__assert_func
                0x10003794       0x3c CMakeFiles/test.dir/C_/Pico/pico-sdk/src/rp2_common/pico_clib_interface/newlib_interface.c.obj
                0x10003794                __assert_func
 .text.runtime_init
                0x100037d0       0x28 CMakeFiles/test.dir/C_/Pico/pico-sdk/src/rp2_common/pico_clib_interface/newlib_interface.c.obj
                0x100037d0                runtime_init
 .text.stdio_out_chars_no_crlf
                0x100037f8        0xe CMakeFiles/test.dir/C_/Pico/pico-sdk/src/rp2_common/pico_stdio/stdio.c.obj
 *fill*         0x10003806        0x2 
 .text.stdio_out_chars_crlf
                0x10003808       0x80 CMakeFiles/test.dir/C_/Pico/pico-sdk/src/rp2_common/pico_stdio/stdio.c.obj
 .text.stdio_stack_buffer_flush
                0x10003888       0x44 CMakeFiles/test.dir/C_/Pico/pico-sdk/src/rp2_common/pico_stdio/stdio.c.obj
 .text.stdio_buffered_printer
                0x100038cc       0x20 CMakeFiles/test.dir/C_/Pico/pico-sdk/src/rp2_common/pico_stdio/stdio.c.obj
 .text.stdout_serialize_begin
                0x100038ec       0x30 CMakeFiles/test.dir/C_/Pico/pico-sdk/src/rp2_common/pico_stdio/stdio.c.obj
                0x100038ec                stdout_serialize_begin
 .text.stdout_serialize_end
                0x1000391c       0x10 CMakeFiles/test.dir/C_/Pico/pico-sdk/src/rp2_common/pico_stdio/stdio.c.obj
                0x1000391c                stdout_serialize_end
 .text.stdio_put_string
                0x1000392c       0x94 CMakeFiles/test.dir/C_/Pico/pico-sdk/src/rp2_common/pico_stdio/stdio.c.obj
                0x1000392c                stdio_put_string
 .text.stdio_set_driver_enabled
                0x100039c0       0x2c CMakeFiles/test.dir/C_/Pico/pico-sdk/src/rp2_common/pico_stdio/stdio.c.obj
                0x100039c0                stdio_set_driver_enabled
 .text.stdio_flush
                0x100039ec       0x20 CMakeFiles/test.dir/C_/Pico/pico-sdk/src/rp2_common/pico_stdio/stdio.c.obj
                0x100039ec                stdio_flush
 .text.stdio_init_all
                0x10003a0c        0x8 CMakeFiles/test.dir/C_/Pico/pico-sdk/src/rp2_common/pico_stdio/stdio.c.obj
                0x10003a0c                stdio_init_all
 .text.__wrap_puts
                0x10003a14       0x1e CMakeFiles/test.dir/C_/Pico/pico-sdk/src/rp2_common/pico_stdio/stdio.c.obj
                0x10003a14                stdio_puts
                0x10003a14                __wrap_puts
 *fill*         0x10003a32        0x2 
 .text.__wrap_vprintf
                0x10003a34       0x40 CMakeFiles/test.dir/C_/Pico/pico-sdk/src/rp2_common/pico_stdio/stdio.c.obj
                0x10003a34                stdio_vprintf
                0x10003a34                __wrap_vprintf
 .text.__wrap_printf
                0x10003a74       0x18 CMakeFiles/test.dir/C_/Pico/pico-sdk/src/rp2_common/pico_stdio/stdio.c.obj
                0x10003a74                __wrap_printf
                0x10003a74                stdio_printf
 .text.resetd_init
                0x10003a8c        0x2 CMakeFiles/test.dir/C_/Pico/pico-sdk/src/rp2_common/pico_stdio_usb/reset_interface.c.obj
 *fill*         0x10003a8e        0x2 
 .text.resetd_reset
                0x10003a90        0xc CMakeFiles/test.dir/C_/Pico/pico-sdk/src/rp2_common/pico_stdio_usb/reset_interface.c.obj
 .text.resetd_open
                0x10003a9c       0x34 CMakeFiles/test.dir/C_/Pico/pico-sdk/src/rp2_common/pico_stdio_usb/reset_interface.c.obj
 .text.resetd_xfer_cb
                0x10003ad0        0x4 CMakeFiles/test.dir/C_/Pico/pico-sdk/src/rp2_common/pico_stdio_usb/reset_interface.c.obj
 .text.resetd_control_xfer_cb
                0x10003ad4       0x60 CMakeFiles/test.dir/C_/Pico/pico-sdk/src/rp2_common/pico_stdio_usb/reset_interface.c.obj
 .text.tud_descriptor_bos_cb
                0x10003b34        0x8 CMakeFiles/test.dir/C_/Pico/pico-sdk/src/rp2_common/pico_stdio_usb/reset_interface.c.obj
                0x10003b34                tud_descriptor_bos_cb
 .text.tud_vendor_control_xfer_cb
                0x10003b3c       0x38 CMakeFiles/test.dir/C_/Pico/pico-sdk/src/rp2_common/pico_stdio_usb/reset_interface.c.obj
                0x10003b3c                tud_vendor_control_xfer_cb
 .text.usbd_app_driver_get_cb
                0x10003b74        0xc CMakeFiles/test.dir/C_/Pico/pico-sdk/src/rp2_common/pico_stdio_usb/reset_interface.c.obj
                0x10003b74                usbd_app_driver_get_cb
 .text.tud_cdc_line_coding_cb
                0x10003b80       0x2c CMakeFiles/test.dir/C_/Pico/pico-sdk/src/rp2_common/pico_stdio_usb/reset_interface.c.obj
                0x10003b80                tud_cdc_line_coding_cb
 .text.stdio_usb_set_chars_available_callback
                0x10003bac       0x14 CMakeFiles/test.dir/C_/Pico/pico-sdk/src/rp2_common/pico_stdio_usb/stdio_usb.c.obj
                0x10003bac                stdio_usb_set_chars_available_callback
 .text.stdio_usb_out_flush
                0x10003bc0       0x4c CMakeFiles/test.dir/C_/Pico/pico-sdk/src/rp2_common/pico_stdio_usb/stdio_usb.c.obj
 .text.usb_irq  0x10003c0c       0x10 CMakeFiles/test.dir/C_/Pico/pico-sdk/src/rp2_common/pico_stdio_usb/stdio_usb.c.obj
 .text.low_priority_worker_irq
                0x10003c1c       0xd0 CMakeFiles/test.dir/C_/Pico/pico-sdk/src/rp2_common/pico_stdio_usb/stdio_usb.c.obj
 .text.timer_task
                0x10003cec       0x6c CMakeFiles/test.dir/C_/Pico/pico-sdk/src/rp2_common/pico_stdio_usb/stdio_usb.c.obj
 .text.stdio_usb_init
                0x10003d58       0xfc CMakeFiles/test.dir/C_/Pico/pico-sdk/src/rp2_common/pico_stdio_usb/stdio_usb.c.obj
                0x10003d58                stdio_usb_init
 .text.stdio_usb_connected
                0x10003e54        0xa CMakeFiles/test.dir/C_/Pico/pico-sdk/src/rp2_common/pico_stdio_usb/stdio_usb.c.obj
                0x10003e54                stdio_usb_connected
 *fill*         0x10003e5e        0x2 
 .text.stdio_usb_in_chars
                0x10003e60       0x98 CMakeFiles/test.dir/C_/Pico/pico-sdk/src/rp2_common/pico_stdio_usb/stdio_usb.c.obj
                0x10003e60                stdio_usb_in_chars
 .text.stdio_usb_out_chars
                0x10003ef8       0xe8 CMakeFiles/test.dir/C_/Pico/pico-sdk/src/rp2_common/pico_stdio_usb/stdio_usb.c.obj
 .text.tud_descriptor_device_cb
                0x10003fe0        0x8 CMakeFiles/test.dir/C_/Pico/pico-sdk/src/rp2_common/pico_stdio_usb/stdio_usb_descriptors.c.obj
                0x10003fe0                tud_descriptor_device_cb
 .text.tud_descriptor_configuration_cb
                0x10003fe8        0x8 CMakeFiles/test.dir/C_/Pico/pico-sdk/src/rp2_common/pico_stdio_usb/stdio_usb_descriptors.c.obj
                0x10003fe8                tud_descriptor_configuration_cb
 .text.tud_descriptor_string_cb
                0x10003ff0       0x6c CMakeFiles/test.dir/C_/Pico/pico-sdk/src/rp2_common/pico_stdio_usb/stdio_usb_descriptors.c.obj
                0x10003ff0                tud_descriptor_string_cb
 .text._retrieve_unique_id_on_boot
                0x1000405c       0x10 CMakeFiles/test.dir/C_/Pico/pico-sdk/src/rp2_common/pico_unique_id/unique_id.c.obj
 .text.pico_get_unique_board_id_string
                0x1000406c       0x60 CMakeFiles/test.dir/C_/Pico/pico-sdk/src/rp2_common/pico_unique_id/unique_id.c.obj
                0x1000406c                pico_get_unique_board_id_string
 .text.flash_get_unique_id
                0x100040cc       0x46 CMakeFiles/test.dir/C_/Pico/pico-sdk/src/rp2_common/hardware_flash/flash.c.obj
                0x100040cc                flash_get_unique_id
 *fill*         0x10004112        0x2 
 .text._hw_endpoint_alloc
                0x10004114       0x70 CMakeFiles/test.dir/C_/Pico/pico-sdk/lib/tinyusb/src/portable/raspberrypi/rp2040/dcd_rp2040.c.obj
 .text.hw_endpoint_init
                0x10004184       0xc4 CMakeFiles/test.dir/C_/Pico/pico-sdk/lib/tinyusb/src/portable/raspberrypi/rp2040/dcd_rp2040.c.obj
 .text.hw_endpoint_xfer
                0x10004248       0x20 CMakeFiles/test.dir/C_/Pico/pico-sdk/lib/tinyusb/src/portable/raspberrypi/rp2040/dcd_rp2040.c.obj
 .text.dcd_int_enable
                0x10004268       0x2c CMakeFiles/test.dir/C_/Pico/pico-sdk/lib/tinyusb/src/portable/raspberrypi/rp2040/dcd_rp2040.c.obj
                0x10004268                dcd_int_enable
 .text.dcd_set_address
                0x10004294       0x2c CMakeFiles/test.dir/C_/Pico/pico-sdk/lib/tinyusb/src/portable/raspberrypi/rp2040/dcd_rp2040.c.obj
                0x10004294                dcd_set_address
 .text.dcd_connect
                0x100042c0       0x10 CMakeFiles/test.dir/C_/Pico/pico-sdk/lib/tinyusb/src/portable/raspberrypi/rp2040/dcd_rp2040.c.obj
                0x100042c0                dcd_connect
 .text.dcd_init
                0x100042d0       0x80 CMakeFiles/test.dir/C_/Pico/pico-sdk/lib/tinyusb/src/portable/raspberrypi/rp2040/dcd_rp2040.c.obj
                0x100042d0                dcd_init
 .text.dcd_sof_enable
                0x10004350       0x1c CMakeFiles/test.dir/C_/Pico/pico-sdk/lib/tinyusb/src/portable/raspberrypi/rp2040/dcd_rp2040.c.obj
                0x10004350                dcd_sof_enable
 .text.dcd_edpt0_status_complete
                0x1000436c       0x1c CMakeFiles/test.dir/C_/Pico/pico-sdk/lib/tinyusb/src/portable/raspberrypi/rp2040/dcd_rp2040.c.obj
                0x1000436c                dcd_edpt0_status_complete
 .text.dcd_edpt_open
                0x10004388       0x40 CMakeFiles/test.dir/C_/Pico/pico-sdk/lib/tinyusb/src/portable/raspberrypi/rp2040/dcd_rp2040.c.obj
                0x10004388                dcd_edpt_open
 .text.dcd_edpt_close_all
                0x100043c8        0x8 CMakeFiles/test.dir/C_/Pico/pico-sdk/lib/tinyusb/src/portable/raspberrypi/rp2040/dcd_rp2040.c.obj
                0x100043c8                dcd_edpt_close_all
 .text.dcd_edpt_xfer
                0x100043d0       0x30 CMakeFiles/test.dir/C_/Pico/pico-sdk/lib/tinyusb/src/portable/raspberrypi/rp2040/dcd_rp2040.c.obj
                0x100043d0                dcd_edpt_xfer
 .text.dcd_edpt_stall
                0x10004400       0x3c CMakeFiles/test.dir/C_/Pico/pico-sdk/lib/tinyusb/src/portable/raspberrypi/rp2040/dcd_rp2040.c.obj
                0x10004400                dcd_edpt_stall
 .text.dcd_edpt_clear_stall
                0x1000443c       0x30 CMakeFiles/test.dir/C_/Pico/pico-sdk/lib/tinyusb/src/portable/raspberrypi/rp2040/dcd_rp2040.c.obj
                0x1000443c                dcd_edpt_clear_stall
 .text.unaligned_memcpy
                0x1000446c       0x14 CMakeFiles/test.dir/C_/Pico/pico-sdk/lib/tinyusb/src/portable/raspberrypi/rp2040/rp2040_usb.c.obj
 .text.rp2040_usb_init
                0x10004480       0x44 CMakeFiles/test.dir/C_/Pico/pico-sdk/lib/tinyusb/src/portable/raspberrypi/rp2040/rp2040_usb.c.obj
                0x10004480                rp2040_usb_init
 .text.hw_endpoint_xfer_start
                0x100044c4       0x60 CMakeFiles/test.dir/C_/Pico/pico-sdk/lib/tinyusb/src/portable/raspberrypi/rp2040/rp2040_usb.c.obj
                0x100044c4                hw_endpoint_xfer_start
 .text.configuration_reset
                0x10004524       0x84 CMakeFiles/test.dir/C_/Pico/pico-sdk/lib/tinyusb/src/device/usbd.c.obj
 .text.usbd_reset
                0x100045a8        0xc CMakeFiles/test.dir/C_/Pico/pico-sdk/lib/tinyusb/src/device/usbd.c.obj
 .text.invoke_class_control
                0x100045b4       0x1a CMakeFiles/test.dir/C_/Pico/pico-sdk/lib/tinyusb/src/device/usbd.c.obj
 *fill*         0x100045ce        0x2 
 .text.process_set_config
                0x100045d0      0x19c CMakeFiles/test.dir/C_/Pico/pico-sdk/lib/tinyusb/src/device/usbd.c.obj
 .text.tud_event_hook_cb
                0x1000476c        0x2 CMakeFiles/test.dir/C_/Pico/pico-sdk/lib/tinyusb/src/device/usbd.c.obj
                0x1000476c                tud_event_hook_cb
 .text.tud_sof_cb
                0x1000476e        0x2 CMakeFiles/test.dir/C_/Pico/pico-sdk/lib/tinyusb/src/device/usbd.c.obj
                0x1000476e                tud_sof_cb
 .text.tud_descriptor_device_qualifier_cb
                0x10004770        0x4 CMakeFiles/test.dir/C_/Pico/pico-sdk/lib/tinyusb/src/device/usbd.c.obj
                0x10004770                tud_descriptor_device_qualifier_cb
 .text.tud_descriptor_other_speed_configuration_cb
                0x10004774        0x4 CMakeFiles/test.dir/C_/Pico/pico-sdk/lib/tinyusb/src/device/usbd.c.obj
                0x10004774                tud_descriptor_other_speed_configuration_cb
 .text.process_get_descriptor
                0x10004778       0xe0 CMakeFiles/test.dir/C_/Pico/pico-sdk/lib/tinyusb/src/device/usbd.c.obj
 .text.tud_mount_cb
                0x10004858        0x2 CMakeFiles/test.dir/C_/Pico/pico-sdk/lib/tinyusb/src/device/usbd.c.obj
                0x10004858                tud_mount_cb
 .text.tud_umount_cb
                0x1000485a        0x2 CMakeFiles/test.dir/C_/Pico/pico-sdk/lib/tinyusb/src/device/usbd.c.obj
                0x1000485a                tud_umount_cb
 .text.tud_suspend_cb
                0x1000485c        0x2 CMakeFiles/test.dir/C_/Pico/pico-sdk/lib/tinyusb/src/device/usbd.c.obj
                0x1000485c                tud_suspend_cb
 .text.tud_resume_cb
                0x1000485e        0x2 CMakeFiles/test.dir/C_/Pico/pico-sdk/lib/tinyusb/src/device/usbd.c.obj
                0x1000485e                tud_resume_cb
 .text.tud_mounted
                0x10004860       0x10 CMakeFiles/test.dir/C_/Pico/pico-sdk/lib/tinyusb/src/device/usbd.c.obj
                0x10004860                tud_mounted
 .text.tud_suspended
                0x10004870       0x10 CMakeFiles/test.dir/C_/Pico/pico-sdk/lib/tinyusb/src/device/usbd.c.obj
                0x10004870                tud_suspended
 .text.tud_inited
                0x10004880       0x14 CMakeFiles/test.dir/C_/Pico/pico-sdk/lib/tinyusb/src/device/usbd.c.obj
                0x10004880                tud_inited
 .text.tud_init
                0x10004894       0xdc CMakeFiles/test.dir/C_/Pico/pico-sdk/lib/tinyusb/src/device/usbd.c.obj
                0x10004894                tud_init
 .text.usbd_edpt_open
                0x10004970       0x60 CMakeFiles/test.dir/C_/Pico/pico-sdk/lib/tinyusb/src/device/usbd.c.obj
                0x10004970                usbd_edpt_open
 .text.usbd_open_edpt_pair
                0x100049d0       0x88 CMakeFiles/test.dir/C_/Pico/pico-sdk/lib/tinyusb/src/device/usbd.c.obj
                0x100049d0                usbd_open_edpt_pair
 .text.usbd_edpt_claim
                0x10004a58       0x28 CMakeFiles/test.dir/C_/Pico/pico-sdk/lib/tinyusb/src/device/usbd.c.obj
                0x10004a58                usbd_edpt_claim
 .text.usbd_edpt_release
                0x10004a80       0x28 CMakeFiles/test.dir/C_/Pico/pico-sdk/lib/tinyusb/src/device/usbd.c.obj
                0x10004a80                usbd_edpt_release
 .text.usbd_edpt_xfer
                0x10004aa8       0x88 CMakeFiles/test.dir/C_/Pico/pico-sdk/lib/tinyusb/src/device/usbd.c.obj
                0x10004aa8                usbd_edpt_xfer
 .text.usbd_edpt_stall
                0x10004b30       0x34 CMakeFiles/test.dir/C_/Pico/pico-sdk/lib/tinyusb/src/device/usbd.c.obj
                0x10004b30                usbd_edpt_stall
 .text.usbd_edpt_clear_stall
                0x10004b64       0x34 CMakeFiles/test.dir/C_/Pico/pico-sdk/lib/tinyusb/src/device/usbd.c.obj
                0x10004b64                usbd_edpt_clear_stall
 .text.usbd_edpt_stalled
                0x10004b98       0x1c CMakeFiles/test.dir/C_/Pico/pico-sdk/lib/tinyusb/src/device/usbd.c.obj
                0x10004b98                usbd_edpt_stalled
 .text.process_control_request
                0x10004bb4      0x394 CMakeFiles/test.dir/C_/Pico/pico-sdk/lib/tinyusb/src/device/usbd.c.obj
 .text.tud_task_ext
                0x10004f48      0x1d8 CMakeFiles/test.dir/C_/Pico/pico-sdk/lib/tinyusb/src/device/usbd.c.obj
                0x10004f48                tud_task_ext
 .text._data_stage_xact
                0x10005120       0x60 CMakeFiles/test.dir/C_/Pico/pico-sdk/lib/tinyusb/src/device/usbd_control.c.obj
 .text.tud_control_status
                0x10005180       0x38 CMakeFiles/test.dir/C_/Pico/pico-sdk/lib/tinyusb/src/device/usbd_control.c.obj
                0x10005180                tud_control_status
 .text.tud_control_xfer
                0x100051b8       0xa8 CMakeFiles/test.dir/C_/Pico/pico-sdk/lib/tinyusb/src/device/usbd_control.c.obj
                0x100051b8                tud_control_xfer
 .text.usbd_control_reset
                0x10005260       0x14 CMakeFiles/test.dir/C_/Pico/pico-sdk/lib/tinyusb/src/device/usbd_control.c.obj
                0x10005260                usbd_control_reset
 .text.usbd_control_set_complete_callback
                0x10005274        0xc CMakeFiles/test.dir/C_/Pico/pico-sdk/lib/tinyusb/src/device/usbd_control.c.obj
                0x10005274                usbd_control_set_complete_callback
 .text.usbd_control_set_request
                0x10005280       0x1c CMakeFiles/test.dir/C_/Pico/pico-sdk/lib/tinyusb/src/device/usbd_control.c.obj
                0x10005280                usbd_control_set_request
 .text.usbd_control_xfer_cb
                0x1000529c       0xf4 CMakeFiles/test.dir/C_/Pico/pico-sdk/lib/tinyusb/src/device/usbd_control.c.obj
                0x1000529c                usbd_control_xfer_cb
 .text._prep_out_transaction
                0x10005390       0x72 CMakeFiles/test.dir/C_/Pico/pico-sdk/lib/tinyusb/src/class/cdc/cdc_device.c.obj
 *fill*         0x10005402        0x2 
 .text.tud_cdc_n_connected
                0x10005404       0x44 CMakeFiles/test.dir/C_/Pico/pico-sdk/lib/tinyusb/src/class/cdc/cdc_device.c.obj
                0x10005404                tud_cdc_n_connected
 .text.tud_cdc_n_available
                0x10005448       0x18 CMakeFiles/test.dir/C_/Pico/pico-sdk/lib/tinyusb/src/class/cdc/cdc_device.c.obj
                0x10005448                tud_cdc_n_available
 .text.tud_cdc_n_read
                0x10005460       0x38 CMakeFiles/test.dir/C_/Pico/pico-sdk/lib/tinyusb/src/class/cdc/cdc_device.c.obj
                0x10005460                tud_cdc_n_read
 .text.tud_cdc_n_write_flush
                0x10005498       0xcc CMakeFiles/test.dir/C_/Pico/pico-sdk/lib/tinyusb/src/class/cdc/cdc_device.c.obj
                0x10005498                tud_cdc_n_write_flush
 .text.tud_cdc_n_write
                0x10005564       0x48 CMakeFiles/test.dir/C_/Pico/pico-sdk/lib/tinyusb/src/class/cdc/cdc_device.c.obj
                0x10005564                tud_cdc_n_write
 .text.tud_cdc_n_write_available
                0x100055ac       0x1c CMakeFiles/test.dir/C_/Pico/pico-sdk/lib/tinyusb/src/class/cdc/cdc_device.c.obj
                0x100055ac                tud_cdc_n_write_available
 .text.cdcd_init
                0x100055c8       0xc0 CMakeFiles/test.dir/C_/Pico/pico-sdk/lib/tinyusb/src/class/cdc/cdc_device.c.obj
                0x100055c8                cdcd_init
 .text.cdcd_deinit
                0x10005688       0x50 CMakeFiles/test.dir/C_/Pico/pico-sdk/lib/tinyusb/src/class/cdc/cdc_device.c.obj
                0x10005688                cdcd_deinit
 .text.cdcd_reset
                0x100056d8       0x78 CMakeFiles/test.dir/C_/Pico/pico-sdk/lib/tinyusb/src/class/cdc/cdc_device.c.obj
                0x100056d8                cdcd_reset
 .text.cdcd_open
                0x10005750       0xf8 CMakeFiles/test.dir/C_/Pico/pico-sdk/lib/tinyusb/src/class/cdc/cdc_device.c.obj
                0x10005750                cdcd_open
 .text.cdcd_control_xfer_cb
                0x10005848      0x138 CMakeFiles/test.dir/C_/Pico/pico-sdk/lib/tinyusb/src/class/cdc/cdc_device.c.obj
                0x10005848                cdcd_control_xfer_cb
 .text.cdcd_xfer_cb
                0x10005980      0x144 CMakeFiles/test.dir/C_/Pico/pico-sdk/lib/tinyusb/src/class/cdc/cdc_device.c.obj
                0x10005980                cdcd_xfer_cb
 .text.tud_vendor_n_mounted
                0x10005ac4       0x38 CMakeFiles/test.dir/C_/Pico/pico-sdk/lib/tinyusb/src/class/vendor/vendor_device.c.obj
                0x10005ac4                tud_vendor_n_mounted
 .text.tud_vendor_n_write_flush
                0x10005afc       0x24 CMakeFiles/test.dir/C_/Pico/pico-sdk/lib/tinyusb/src/class/vendor/vendor_device.c.obj
                0x10005afc                tud_vendor_n_write_flush
 .text.vendord_init
                0x10005b20       0x90 CMakeFiles/test.dir/C_/Pico/pico-sdk/lib/tinyusb/src/class/vendor/vendor_device.c.obj
                0x10005b20                vendord_init
 .text.vendord_deinit
                0x10005bb0       0x38 CMakeFiles/test.dir/C_/Pico/pico-sdk/lib/tinyusb/src/class/vendor/vendor_device.c.obj
                0x10005bb0                vendord_deinit
 .text.vendord_reset
                0x10005be8       0x3c CMakeFiles/test.dir/C_/Pico/pico-sdk/lib/tinyusb/src/class/vendor/vendor_device.c.obj
                0x10005be8                vendord_reset
 .text.vendord_open
                0x10005c24      0x174 CMakeFiles/test.dir/C_/Pico/pico-sdk/lib/tinyusb/src/class/vendor/vendor_device.c.obj
                0x10005c24                vendord_open
 .text.vendord_xfer_cb
                0x10005d98       0xc0 CMakeFiles/test.dir/C_/Pico/pico-sdk/lib/tinyusb/src/class/vendor/vendor_device.c.obj
                0x10005d98                vendord_xfer_cb
 .text.tusb_init
                0x10005e58       0x24 CMakeFiles/test.dir/C_/Pico/pico-sdk/lib/tinyusb/src/tusb.c.obj
                0x10005e58                tusb_init
 .text.tu_edpt_claim
                0x10005e7c       0x50 CMakeFiles/test.dir/C_/Pico/pico-sdk/lib/tinyusb/src/tusb.c.obj
                0x10005e7c                tu_edpt_claim
 .text.tu_edpt_release
                0x10005ecc       0x3c CMakeFiles/test.dir/C_/Pico/pico-sdk/lib/tinyusb/src/tusb.c.obj
                0x10005ecc                tu_edpt_release
 .text.tu_edpt_validate
                0x10005f08       0xac CMakeFiles/test.dir/C_/Pico/pico-sdk/lib/tinyusb/src/tusb.c.obj
                0x10005f08                tu_edpt_validate
 .text.tu_edpt_bind_driver
                0x10005fb4       0x26 CMakeFiles/test.dir/C_/Pico/pico-sdk/lib/tinyusb/src/tusb.c.obj
                0x10005fb4                tu_edpt_bind_driver
 .text.tu_edpt_stream_init
                0x10005fda       0x68 CMakeFiles/test.dir/C_/Pico/pico-sdk/lib/tinyusb/src/tusb.c.obj
                0x10005fda                tu_edpt_stream_init
 .text.tu_edpt_stream_deinit
                0x10006042        0x4 CMakeFiles/test.dir/C_/Pico/pico-sdk/lib/tinyusb/src/tusb.c.obj
                0x10006042                tu_edpt_stream_deinit
 *fill*         0x10006046        0x2 
 .text.tu_edpt_stream_write_zlp_if_needed
                0x10006048       0x80 CMakeFiles/test.dir/C_/Pico/pico-sdk/lib/tinyusb/src/tusb.c.obj
                0x10006048                tu_edpt_stream_write_zlp_if_needed
 .text.tu_edpt_stream_write_xfer
                0x100060c8       0x84 CMakeFiles/test.dir/C_/Pico/pico-sdk/lib/tinyusb/src/tusb.c.obj
                0x100060c8                tu_edpt_stream_write_xfer
 .text.tu_edpt_stream_read_xfer
                0x1000614c       0xf4 CMakeFiles/test.dir/C_/Pico/pico-sdk/lib/tinyusb/src/tusb.c.obj
                0x1000614c                tu_edpt_stream_read_xfer
 .text.advance_index
                0x10006240       0x1a CMakeFiles/test.dir/C_/Pico/pico-sdk/lib/tinyusb/src/common/tusb_fifo.c.obj
 .text._tu_fifo_peek
                0x1000625a       0x56 CMakeFiles/test.dir/C_/Pico/pico-sdk/lib/tinyusb/src/common/tusb_fifo.c.obj
 .text._ff_pull_n
                0x100062b0       0x68 CMakeFiles/test.dir/C_/Pico/pico-sdk/lib/tinyusb/src/common/tusb_fifo.c.obj
 .text._tu_fifo_peek_n
                0x10006318       0x6a CMakeFiles/test.dir/C_/Pico/pico-sdk/lib/tinyusb/src/common/tusb_fifo.c.obj
 .text._tu_fifo_read_n
                0x10006382       0x4e CMakeFiles/test.dir/C_/Pico/pico-sdk/lib/tinyusb/src/common/tusb_fifo.c.obj
 .text._ff_push_n
                0x100063d0       0x68 CMakeFiles/test.dir/C_/Pico/pico-sdk/lib/tinyusb/src/common/tusb_fifo.c.obj
 .text._tu_fifo_write_n
                0x10006438       0xf0 CMakeFiles/test.dir/C_/Pico/pico-sdk/lib/tinyusb/src/common/tusb_fifo.c.obj
 .text.tu_fifo_config
                0x10006528       0x7c CMakeFiles/test.dir/C_/Pico/pico-sdk/lib/tinyusb/src/common/tusb_fifo.c.obj
                0x10006528                tu_fifo_config
 .text.tu_fifo_count
                0x100065a4       0x2a CMakeFiles/test.dir/C_/Pico/pico-sdk/lib/tinyusb/src/common/tusb_fifo.c.obj
                0x100065a4                tu_fifo_count
 .text.tu_fifo_empty
                0x100065ce       0x10 CMakeFiles/test.dir/C_/Pico/pico-sdk/lib/tinyusb/src/common/tusb_fifo.c.obj
                0x100065ce                tu_fifo_empty
 .text.tu_fifo_full
                0x100065de       0x28 CMakeFiles/test.dir/C_/Pico/pico-sdk/lib/tinyusb/src/common/tusb_fifo.c.obj
                0x100065de                tu_fifo_full
 .text.tu_fifo_remaining
                0x10006606       0x2c CMakeFiles/test.dir/C_/Pico/pico-sdk/lib/tinyusb/src/common/tusb_fifo.c.obj
                0x10006606                tu_fifo_remaining
 .text.tu_fifo_read
                0x10006632       0x42 CMakeFiles/test.dir/C_/Pico/pico-sdk/lib/tinyusb/src/common/tusb_fifo.c.obj
                0x10006632                tu_fifo_read
 .text.tu_fifo_read_n
                0x10006674        0xa CMakeFiles/test.dir/C_/Pico/pico-sdk/lib/tinyusb/src/common/tusb_fifo.c.obj
                0x10006674                tu_fifo_read_n
 .text.tu_fifo_write
                0x1000667e       0x64 CMakeFiles/test.dir/C_/Pico/pico-sdk/lib/tinyusb/src/common/tusb_fifo.c.obj
                0x1000667e                tu_fifo_write
 .text.tu_fifo_write_n
                0x100066e2        0xa CMakeFiles/test.dir/C_/Pico/pico-sdk/lib/tinyusb/src/common/tusb_fifo.c.obj
                0x100066e2                tu_fifo_write_n
 .text.tu_fifo_clear
                0x100066ec       0x3e CMakeFiles/test.dir/C_/Pico/pico-sdk/lib/tinyusb/src/common/tusb_fifo.c.obj
                0x100066ec                tu_fifo_clear
 .text.tu_fifo_set_overwritable
                0x1000672a       0x46 CMakeFiles/test.dir/C_/Pico/pico-sdk/lib/tinyusb/src/common/tusb_fifo.c.obj
                0x1000672a                tu_fifo_set_overwritable
 .text.strlen   0x10006770       0x5c c:/progra~1/raspbe~1/picosd~1.1/gcc-ar~1/bin/../lib/gcc/arm-none-eabi/10.3.1/../../../../arm-none-eabi/lib/thumb/v6-m/nofp\libg.a(lib_a-strlen-stub.o)
                0x10006770                strlen
 *(.fini)
 .fini          0x100067cc        0x4 c:/progra~1/raspbe~1/picosd~1.1/gcc-ar~1/bin/../lib/gcc/arm-none-eabi/10.3.1/thumb/v6-m/nofp/crti.o
                0x100067cc                _fini
 .fini.__stub   0x100067d0       0xd0 linker stubs
 *crtbegin.o(.ctors)
 *crtbegin?.o(.ctors)
 *(EXCLUDE_FILE(*crtend.o *crtend?.o) .ctors)
 *(SORT_BY_NAME(.ctors.*))
 *(.ctors)
 *crtbegin.o(.dtors)
 *crtbegin?.o(.dtors)
 *(EXCLUDE_FILE(*crtend.o *crtend?.o) .dtors)
 *(SORT_BY_NAME(.dtors.*))
 *(.dtors)
                0x100068a0                . = ALIGN (0x4)
                0x100068a0                PROVIDE (__preinit_array_start = .)
 *(SORT_BY_NAME(.preinit_array.*))
 .preinit_array.00100
                0x100068a0        0x4 CMakeFiles/test.dir/C_/Pico/pico-sdk/src/rp2_common/pico_runtime_init/runtime_init.c.obj
                0x100068a0                __pre_init_runtime_init_early_resets
 .preinit_array.00101
                0x100068a4        0x4 CMakeFiles/test.dir/C_/Pico/pico-sdk/src/rp2_common/pico_runtime_init/runtime_init.c.obj
                0x100068a4                __pre_init_runtime_init_usb_power_down
 .preinit_array.00275
                0x100068a8        0x4 CMakeFiles/test.dir/C_/Pico/pico-sdk/src/rp2_common/pico_bit_ops/bit_ops_aeabi.S.obj
 .preinit_array.00300
                0x100068ac        0x4 CMakeFiles/test.dir/C_/Pico/pico-sdk/src/rp2_common/pico_mem_ops/mem_ops_aeabi.S.obj
 .preinit_array.00350
                0x100068b0        0x4 CMakeFiles/test.dir/C_/Pico/pico-sdk/src/rp2_common/pico_double/double_aeabi_rp2040.S.obj
 .preinit_array.00350
                0x100068b4        0x4 CMakeFiles/test.dir/C_/Pico/pico-sdk/src/rp2_common/pico_float/float_aeabi_rp2040.S.obj
 .preinit_array.00500
                0x100068b8        0x4 CMakeFiles/test.dir/C_/Pico/pico-sdk/src/rp2_common/pico_runtime_init/runtime_init.c.obj
                0x100068b8                __pre_init_runtime_init_clocks
 .preinit_array.00600
                0x100068bc        0x4 CMakeFiles/test.dir/C_/Pico/pico-sdk/src/rp2_common/pico_runtime_init/runtime_init.c.obj
                0x100068bc                __pre_init_runtime_init_post_clock_resets
 .preinit_array.00700
                0x100068c0        0x4 CMakeFiles/test.dir/C_/Pico/pico-sdk/src/rp2_common/pico_runtime_init/runtime_init.c.obj
                0x100068c0                __pre_init_runtime_init_rp2040_gpio_ie_disable
 .preinit_array.01000
                0x100068c4        0x4 CMakeFiles/test.dir/C_/Pico/pico-sdk/src/rp2_common/pico_runtime_init/runtime_init.c.obj
                0x100068c4                __pre_init_runtime_init_spin_locks_reset
 .preinit_array.01100
                0x100068c8        0x4 CMakeFiles/test.dir/C_/Pico/pico-sdk/src/common/pico_sync/mutex.c.obj
                0x100068c8                __pre_init_runtime_init_mutex
 .preinit_array.10080
                0x100068cc        0x4 CMakeFiles/test.dir/C_/Pico/pico-sdk/src/rp2_common/pico_runtime_init/runtime_init.c.obj
                0x100068cc                __pre_init_runtime_init_install_ram_vector_table
 .preinit_array.11000
                0x100068d0        0x4 CMakeFiles/test.dir/C_/Pico/pico-sdk/src/common/pico_time/time.c.obj
                0x100068d0                __pre_init_runtime_init_default_alarm_pool
 .preinit_array.YYYYY
                0x100068d4        0x4 CMakeFiles/test.dir/C_/Pico/pico-sdk/src/rp2_common/pico_runtime/runtime.c.obj
                0x100068d4                __pre_init_first_per_core_initializer
 .preinit_array.ZZZZZ.01200
                0x100068d8        0x4 CMakeFiles/test.dir/C_/Pico/pico-sdk/src/rp2_common/hardware_irq/irq.c.obj
                0x100068d8                __pre_init_runtime_init_per_core_irq_priorities
 *(.preinit_array)
                0x100068dc                PROVIDE (__preinit_array_end = .)
                0x100068dc                . = ALIGN (0x4)
                0x100068dc                PROVIDE (__init_array_start = .)
 *(SORT_BY_NAME(.init_array.*))
 *(.init_array)
 .init_array    0x100068dc        0x4 c:/progra~1/raspbe~1/picosd~1.1/gcc-ar~1/bin/../lib/gcc/arm-none-eabi/10.3.1/thumb/v6-m/nofp/crtbegin.o
 .init_array    0x100068e0        0x4 CMakeFiles/test.dir/C_/Pico/pico-sdk/src/rp2_common/pico_unique_id/unique_id.c.obj
                0x100068e4                PROVIDE (__init_array_end = .)
                0x100068e4                . = ALIGN (0x4)
                [!provide]                PROVIDE (__fini_array_start = .)
 *(SORT_BY_NAME(.fini_array.*))
 *(.fini_array)
                [!provide]                PROVIDE (__fini_array_end = .)
 *(.eh_frame*)
 .eh_frame      0x100068e4        0x0 c:/progra~1/raspbe~1/picosd~1.1/gcc-ar~1/bin/../lib/gcc/arm-none-eabi/10.3.1/thumb/v6-m/nofp/crtbegin.o
                0x100068e4                . = ALIGN (0x4)

.glue_7         0x100068e4        0x0
 .glue_7        0x100068e4        0x0 linker stubs

.glue_7t        0x100068e4        0x0
 .glue_7t       0x100068e4        0x0 linker stubs

.vfp11_veneer   0x100068e4        0x0
 .vfp11_veneer  0x100068e4        0x0 linker stubs

.v4_bx          0x100068e4        0x0
 .v4_bx         0x100068e4        0x0 linker stubs

.iplt           0x100068e4        0x0
 .iplt          0x100068e4        0x0 c:/progra~1/raspbe~1/picosd~1.1/gcc-ar~1/bin/../lib/gcc/arm-none-eabi/10.3.1/thumb/v6-m/nofp/crtbegin.o

.rodata         0x100068e8     0x1360
 *(EXCLUDE_FILE(*libm.a: *libc.a:*lib_a-mem*.o *libgcc.a:) .rodata*)
 .rodata.main.str1.4
                0x100068e8        0xe CMakeFiles/test.dir/test.c.obj
 *fill*         0x100068f6        0x2 
 .rodata.rp2040_chip_version.str1.4
                0x100068f8       0x6d CMakeFiles/test.dir/C_/Pico/pico-sdk/src/rp2040/pico_platform/platform.c.obj
 *fill*         0x10006965        0x3 
 .rodata.__func__.0
                0x10006968       0x14 CMakeFiles/test.dir/C_/Pico/pico-sdk/src/rp2040/pico_platform/platform.c.obj
 .rodata.panic.str1.4
                0x1000697c       0x12 CMakeFiles/test.dir/C_/Pico/pico-sdk/src/rp2_common/pico_platform_panic/panic.c.obj
 *fill*         0x1000698e        0x2 
 .rodata.spin_lock_claim_unused.str1.4
                0x10006990       0x1b CMakeFiles/test.dir/C_/Pico/pico-sdk/src/rp2_common/hardware_sync/sync.c.obj
 *fill*         0x100069ab        0x1 
 .rodata.make_j_16.str1.4
                0x100069ac       0x63 CMakeFiles/test.dir/C_/Pico/pico-sdk/src/rp2_common/hardware_irq/irq.c.obj
 *fill*         0x10006a0f        0x1 
 .rodata.irq_set_exclusive_handler.str1.4
                0x10006a10       0x36 CMakeFiles/test.dir/C_/Pico/pico-sdk/src/rp2_common/hardware_irq/irq.c.obj
 *fill*         0x10006a46        0x2 
 .rodata.irq_add_shared_handler.str1.4
                0x10006a48       0xe9 CMakeFiles/test.dir/C_/Pico/pico-sdk/src/rp2_common/hardware_irq/irq.c.obj
 *fill*         0x10006b31        0x3 
 .rodata.irq_add_tail_to_free_list.str1.4
                0x10006b34       0x3a CMakeFiles/test.dir/C_/Pico/pico-sdk/src/rp2_common/hardware_irq/irq.c.obj
 *fill*         0x10006b6e        0x2 
 .rodata.user_irq_claim_unused.str1.4
                0x10006b70       0x1b CMakeFiles/test.dir/C_/Pico/pico-sdk/src/rp2_common/hardware_irq/irq.c.obj
 *fill*         0x10006b8b        0x1 
 .rodata.__func__.0
                0x10006b8c       0x1a CMakeFiles/test.dir/C_/Pico/pico-sdk/src/rp2_common/hardware_irq/irq.c.obj
 *fill*         0x10006ba6        0x2 
 .rodata.__func__.3
                0x10006ba8        0xa CMakeFiles/test.dir/C_/Pico/pico-sdk/src/rp2_common/hardware_irq/irq.c.obj
 *fill*         0x10006bb2        0x2 
 .rodata.__func__.4
                0x10006bb4        0xd CMakeFiles/test.dir/C_/Pico/pico-sdk/src/rp2_common/hardware_irq/irq.c.obj
 *fill*         0x10006bc1        0x3 
 .rodata.__func__.5
                0x10006bc4       0x17 CMakeFiles/test.dir/C_/Pico/pico-sdk/src/rp2_common/hardware_irq/irq.c.obj
 *fill*         0x10006bdb        0x1 
 .rodata.__func__.6
                0x10006bdc       0x1a CMakeFiles/test.dir/C_/Pico/pico-sdk/src/rp2_common/hardware_irq/irq.c.obj
 *fill*         0x10006bf6        0x2 
 .rodata.runtime_init_mutex.str1.4
                0x10006bf8       0x4e CMakeFiles/test.dir/C_/Pico/pico-sdk/src/common/pico_sync/mutex.c.obj
 *fill*         0x10006c46        0x2 
 .rodata.str1.4
                0x10006c48       0x51 CMakeFiles/test.dir/C_/Pico/pico-sdk/src/common/pico_sync/mutex.c.obj
 *fill*         0x10006c99        0x3 
 .rodata.__func__.1
                0x10006c9c        0xb CMakeFiles/test.dir/C_/Pico/pico-sdk/src/common/pico_sync/mutex.c.obj
 *fill*         0x10006ca7        0x1 
 .rodata.__func__.3
                0x10006ca8       0x18 CMakeFiles/test.dir/C_/Pico/pico-sdk/src/common/pico_sync/mutex.c.obj
 .rodata.__func__.6
                0x10006cc0       0x13 CMakeFiles/test.dir/C_/Pico/pico-sdk/src/common/pico_sync/mutex.c.obj
 *fill*         0x10006cd3        0x1 
 .rodata.alarm_pool_irq_handler.str1.4
                0x10006cd4       0x59 CMakeFiles/test.dir/C_/Pico/pico-sdk/src/common/pico_time/time.c.obj
 *fill*         0x10006d2d        0x3 
 .rodata.alarm_pool_get_default.str1.4
                0x10006d30       0x21 CMakeFiles/test.dir/C_/Pico/pico-sdk/src/common/pico_time/time.c.obj
 *fill*         0x10006d51        0x3 
 .rodata.sleep_until.str1.4
                0x10006d54       0x4d CMakeFiles/test.dir/C_/Pico/pico-sdk/src/common/pico_time/time.c.obj
 *fill*         0x10006da1        0x3 
 .rodata.__func__.1
                0x10006da4       0x17 CMakeFiles/test.dir/C_/Pico/pico-sdk/src/common/pico_time/time.c.obj
 *fill*         0x10006dbb        0x1 
 .rodata.__func__.2
                0x10006dbc       0x17 CMakeFiles/test.dir/C_/Pico/pico-sdk/src/common/pico_time/time.c.obj
 *fill*         0x10006dd3        0x1 
 .rodata.timer_hardware_alarm_claim.str1.4
                0x10006dd4       0x22 CMakeFiles/test.dir/C_/Pico/pico-sdk/src/rp2_common/hardware_timer/timer.c.obj
 *fill*         0x10006df6        0x2 
 .rodata.pll_init.str1.4
                0x10006df8      0x108 CMakeFiles/test.dir/C_/Pico/pico-sdk/src/rp2_common/hardware_pll/pll.c.obj
 .rodata.__func__.0
                0x10006f00        0x9 CMakeFiles/test.dir/C_/Pico/pico-sdk/src/rp2_common/hardware_pll/pll.c.obj
 *fill*         0x10006f09        0x3 
 .rodata.__aeabi_double_init.str1.4
                0x10006f0c       0x89 CMakeFiles/test.dir/C_/Pico/pico-sdk/src/rp2_common/pico_double/double_init_rom_rp2040.c.obj
 *fill*         0x10006f95        0x3 
 .rodata.__func__.0
                0x10006f98       0x14 CMakeFiles/test.dir/C_/Pico/pico-sdk/src/rp2_common/pico_double/double_init_rom_rp2040.c.obj
 .rodata.__aeabi_float_init.str1.4
                0x10006fac       0x77 CMakeFiles/test.dir/C_/Pico/pico-sdk/src/rp2_common/pico_float/float_init_rom_rp2040.c.obj
                                 0x7b (size before relaxing)
 *fill*         0x10007023        0x1 
 .rodata.__func__.0
                0x10007024       0x13 CMakeFiles/test.dir/C_/Pico/pico-sdk/src/rp2_common/pico_float/float_init_rom_rp2040.c.obj
 *fill*         0x10007037        0x1 
 .rodata.str1.4
                0x10007038       0x3c CMakeFiles/test.dir/C_/Pico/pico-sdk/src/rp2_common/pico_standard_binary_info/standard_binary_info.c.obj
 .rodata.__bi_26
                0x10007074        0xc CMakeFiles/test.dir/C_/Pico/pico-sdk/src/rp2_common/pico_standard_binary_info/standard_binary_info.c.obj
 .rodata.__bi_34
                0x10007080        0xc CMakeFiles/test.dir/C_/Pico/pico-sdk/src/rp2_common/pico_standard_binary_info/standard_binary_info.c.obj
 .rodata.__bi_42
                0x1000708c        0xc CMakeFiles/test.dir/C_/Pico/pico-sdk/src/rp2_common/pico_standard_binary_info/standard_binary_info.c.obj
 .rodata.__bi_48
                0x10007098        0xc CMakeFiles/test.dir/C_/Pico/pico-sdk/src/rp2_common/pico_standard_binary_info/standard_binary_info.c.obj
 .rodata.__bi_54
                0x100070a4        0xc CMakeFiles/test.dir/C_/Pico/pico-sdk/src/rp2_common/pico_standard_binary_info/standard_binary_info.c.obj
 .rodata.__bi_78
                0x100070b0        0xc CMakeFiles/test.dir/C_/Pico/pico-sdk/src/rp2_common/pico_standard_binary_info/standard_binary_info.c.obj
 .rodata.__bi_84
                0x100070bc        0xc CMakeFiles/test.dir/C_/Pico/pico-sdk/src/rp2_common/pico_standard_binary_info/standard_binary_info.c.obj
 .rodata._ftoa.str1.4
                0x100070c8       0x15 CMakeFiles/test.dir/C_/Pico/pico-sdk/src/rp2_common/pico_printf/printf.c.obj
 *fill*         0x100070dd        0x3 
 .rodata._vsnprintf
                0x100070e0      0x1e0 CMakeFiles/test.dir/C_/Pico/pico-sdk/src/rp2_common/pico_printf/printf.c.obj
 .rodata.pow10.0
                0x100072c0       0x50 CMakeFiles/test.dir/C_/Pico/pico-sdk/src/rp2_common/pico_printf/printf.c.obj
 .rodata.__assert_func.str1.4
                0x10007310       0x3f CMakeFiles/test.dir/C_/Pico/pico-sdk/src/rp2_common/pico_clib_interface/newlib_interface.c.obj
                                 0x43 (size before relaxing)
 *fill*         0x1000734f        0x1 
 .rodata.crlf_str.0
                0x10007350        0x2 CMakeFiles/test.dir/C_/Pico/pico-sdk/src/rp2_common/pico_stdio/stdio.c.obj
 *fill*         0x10007352        0x2 
 .rodata._resetd_driver
                0x10007354       0x20 CMakeFiles/test.dir/C_/Pico/pico-sdk/src/rp2_common/pico_stdio_usb/reset_interface.c.obj
 .rodata.desc_bos
                0x10007374       0x21 CMakeFiles/test.dir/C_/Pico/pico-sdk/src/rp2_common/pico_stdio_usb/reset_interface.c.obj
                0x10007374                desc_bos
 *fill*         0x10007395        0x3 
 .rodata.desc_ms_os_20
                0x10007398       0xa6 CMakeFiles/test.dir/C_/Pico/pico-sdk/src/rp2_common/pico_stdio_usb/reset_interface.c.obj
 *fill*         0x1000743e        0x2 
 .rodata.stdio_usb_init.str1.4
                0x10007440       0x43 CMakeFiles/test.dir/C_/Pico/pico-sdk/src/rp2_common/pico_stdio_usb/stdio_usb.c.obj
 *fill*         0x10007483        0x1 
 .rodata.str1.4
                0x10007484       0x13 CMakeFiles/test.dir/C_/Pico/pico-sdk/src/rp2_common/pico_stdio_usb/stdio_usb.c.obj
 *fill*         0x10007497        0x1 
 .rodata.__bi_197.1
                0x10007498        0xc CMakeFiles/test.dir/C_/Pico/pico-sdk/src/rp2_common/pico_stdio_usb/stdio_usb.c.obj
 .rodata.__func__.2
                0x100074a4        0xf CMakeFiles/test.dir/C_/Pico/pico-sdk/src/rp2_common/pico_stdio_usb/stdio_usb.c.obj
 *fill*         0x100074b3        0x1 
 .rodata.str1.4
                0x100074b4       0x2a CMakeFiles/test.dir/C_/Pico/pico-sdk/src/rp2_common/pico_stdio_usb/stdio_usb_descriptors.c.obj
 *fill*         0x100074de        0x2 
 .rodata.usbd_desc_cfg
                0x100074e0       0x54 CMakeFiles/test.dir/C_/Pico/pico-sdk/src/rp2_common/pico_stdio_usb/stdio_usb_descriptors.c.obj
 .rodata.usbd_desc_device
                0x10007534       0x12 CMakeFiles/test.dir/C_/Pico/pico-sdk/src/rp2_common/pico_stdio_usb/stdio_usb_descriptors.c.obj
 *fill*         0x10007546        0x2 
 .rodata.usbd_desc_str
                0x10007548       0x18 CMakeFiles/test.dir/C_/Pico/pico-sdk/src/rp2_common/pico_stdio_usb/stdio_usb_descriptors.c.obj
 .rodata.pico_get_unique_board_id_string.str1.4
                0x10007560       0x43 CMakeFiles/test.dir/C_/Pico/pico-sdk/src/rp2_common/pico_unique_id/unique_id.c.obj
 *fill*         0x100075a3        0x1 
 .rodata.__func__.0
                0x100075a4       0x20 CMakeFiles/test.dir/C_/Pico/pico-sdk/src/rp2_common/pico_unique_id/unique_id.c.obj
 .rodata.str1.4
                0x100075c4      0x185 CMakeFiles/test.dir/C_/Pico/pico-sdk/src/rp2_common/hardware_flash/flash.c.obj
 *fill*         0x10007749        0x3 
 .rodata.__func__.0
                0x1000774c        0xd CMakeFiles/test.dir/C_/Pico/pico-sdk/src/rp2_common/hardware_flash/flash.c.obj
 *fill*         0x10007759        0x3 
 .rodata._hw_endpoint_alloc.str1.4
                0x1000775c       0xad CMakeFiles/test.dir/C_/Pico/pico-sdk/lib/tinyusb/src/portable/raspberrypi/rp2040/dcd_rp2040.c.obj
 *fill*         0x10007809        0x3 
 .rodata.str1.4
                0x1000780c       0x14 CMakeFiles/test.dir/C_/Pico/pico-sdk/lib/tinyusb/src/portable/raspberrypi/rp2040/dcd_rp2040.c.obj
 .rodata.dcd_int_enable.str1.4
                0x10007820        0xc CMakeFiles/test.dir/C_/Pico/pico-sdk/lib/tinyusb/src/portable/raspberrypi/rp2040/dcd_rp2040.c.obj
 .rodata.__func__.0
                0x1000782c        0xe CMakeFiles/test.dir/C_/Pico/pico-sdk/lib/tinyusb/src/portable/raspberrypi/rp2040/dcd_rp2040.c.obj
 *fill*         0x1000783a        0x2 
 .rodata.__func__.1
                0x1000783c        0xe CMakeFiles/test.dir/C_/Pico/pico-sdk/lib/tinyusb/src/portable/raspberrypi/rp2040/dcd_rp2040.c.obj
 *fill*         0x1000784a        0x2 
 .rodata.__func__.3
                0x1000784c       0x10 CMakeFiles/test.dir/C_/Pico/pico-sdk/lib/tinyusb/src/portable/raspberrypi/rp2040/dcd_rp2040.c.obj
 .rodata.__func__.5
                0x1000785c        0xf CMakeFiles/test.dir/C_/Pico/pico-sdk/lib/tinyusb/src/portable/raspberrypi/rp2040/dcd_rp2040.c.obj
 *fill*         0x1000786b        0x1 
 .rodata.__func__.6
                0x1000786c       0x13 CMakeFiles/test.dir/C_/Pico/pico-sdk/lib/tinyusb/src/portable/raspberrypi/rp2040/dcd_rp2040.c.obj
 *fill*         0x1000787f        0x1 
 .rodata.__func__.7
                0x10007880        0x9 CMakeFiles/test.dir/C_/Pico/pico-sdk/lib/tinyusb/src/portable/raspberrypi/rp2040/dcd_rp2040.c.obj
 *fill*         0x10007889        0x3 
 .rodata.str1.4
                0x1000788c       0xd4 CMakeFiles/test.dir/C_/Pico/pico-sdk/lib/tinyusb/src/portable/raspberrypi/rp2040/rp2040_usb.c.obj
 .rodata.hw_endpoint_xfer_start.str1.4
                0x10007960       0x38 CMakeFiles/test.dir/C_/Pico/pico-sdk/lib/tinyusb/src/portable/raspberrypi/rp2040/rp2040_usb.c.obj
 .rodata.__func__.0
                0x10007998        0xf CMakeFiles/test.dir/C_/Pico/pico-sdk/lib/tinyusb/src/portable/raspberrypi/rp2040/rp2040_usb.c.obj
 *fill*         0x100079a7        0x1 
 .rodata.configuration_reset.str1.4
                0x100079a8       0x17 CMakeFiles/test.dir/C_/Pico/pico-sdk/lib/tinyusb/src/device/usbd.c.obj
 *fill*         0x100079bf        0x1 
 .rodata.process_get_descriptor
                0x100079c0       0x40 CMakeFiles/test.dir/C_/Pico/pico-sdk/lib/tinyusb/src/device/usbd.c.obj
 .rodata        0x10007a00       0x1c CMakeFiles/test.dir/C_/Pico/pico-sdk/lib/tinyusb/src/device/usbd.c.obj
 .rodata.process_control_request
                0x10007a1c       0x28 CMakeFiles/test.dir/C_/Pico/pico-sdk/lib/tinyusb/src/device/usbd.c.obj
 .rodata.tud_task_ext
                0x10007a44       0x24 CMakeFiles/test.dir/C_/Pico/pico-sdk/lib/tinyusb/src/device/usbd.c.obj
 .rodata.__func__.1
                0x10007a68        0xf CMakeFiles/test.dir/C_/Pico/pico-sdk/lib/tinyusb/src/device/usbd.c.obj
 *fill*         0x10007a77        0x1 
 .rodata.__func__.10
                0x10007a78        0x9 CMakeFiles/test.dir/C_/Pico/pico-sdk/lib/tinyusb/src/device/usbd.c.obj
 *fill*         0x10007a81        0x3 
 .rodata.__func__.2
                0x10007a84        0xf CMakeFiles/test.dir/C_/Pico/pico-sdk/lib/tinyusb/src/device/usbd.c.obj
 *fill*         0x10007a93        0x1 
 .rodata.__func__.3
                0x10007a94       0x14 CMakeFiles/test.dir/C_/Pico/pico-sdk/lib/tinyusb/src/device/usbd.c.obj
 .rodata.__func__.4
                0x10007aa8        0xc CMakeFiles/test.dir/C_/Pico/pico-sdk/lib/tinyusb/src/device/usbd.c.obj
 .rodata.__func__.5
                0x10007ab4       0x17 CMakeFiles/test.dir/C_/Pico/pico-sdk/lib/tinyusb/src/device/usbd.c.obj
 *fill*         0x10007acb        0x1 
 .rodata.__func__.6
                0x10007acc       0x13 CMakeFiles/test.dir/C_/Pico/pico-sdk/lib/tinyusb/src/device/usbd.c.obj
 *fill*         0x10007adf        0x1 
 .rodata.__func__.7
                0x10007ae0       0x18 CMakeFiles/test.dir/C_/Pico/pico-sdk/lib/tinyusb/src/device/usbd.c.obj
 .rodata.__func__.8
                0x10007af8       0x14 CMakeFiles/test.dir/C_/Pico/pico-sdk/lib/tinyusb/src/device/usbd.c.obj
 .rodata.__func__.9
                0x10007b0c        0xd CMakeFiles/test.dir/C_/Pico/pico-sdk/lib/tinyusb/src/device/usbd.c.obj
 *fill*         0x10007b19        0x3 
 .rodata._usbd_driver
                0x10007b1c       0x40 CMakeFiles/test.dir/C_/Pico/pico-sdk/lib/tinyusb/src/device/usbd.c.obj
 .rodata.tud_control_xfer.str1.4
                0x10007b5c       0x17 CMakeFiles/test.dir/C_/Pico/pico-sdk/lib/tinyusb/src/device/usbd_control.c.obj
 .rodata.__func__.0
                0x10007b5c       0x15 CMakeFiles/test.dir/C_/Pico/pico-sdk/lib/tinyusb/src/device/usbd_control.c.obj
 *fill*         0x10007b71        0x3 
 .rodata.__func__.1
                0x10007b74       0x11 CMakeFiles/test.dir/C_/Pico/pico-sdk/lib/tinyusb/src/device/usbd_control.c.obj
 .rodata.tud_cdc_n_write_flush.str1.4
                0x10007b85       0x17 CMakeFiles/test.dir/C_/Pico/pico-sdk/lib/tinyusb/src/class/cdc/cdc_device.c.obj
 *fill*         0x10007b85        0x3 
 .rodata.__func__.0
                0x10007b88        0xd CMakeFiles/test.dir/C_/Pico/pico-sdk/lib/tinyusb/src/class/cdc/cdc_device.c.obj
 *fill*         0x10007b95        0x3 
 .rodata.__func__.1
                0x10007b98        0xa CMakeFiles/test.dir/C_/Pico/pico-sdk/lib/tinyusb/src/class/cdc/cdc_device.c.obj
 *fill*         0x10007ba2        0x2 
 .rodata.__func__.3
                0x10007ba4       0x16 CMakeFiles/test.dir/C_/Pico/pico-sdk/lib/tinyusb/src/class/cdc/cdc_device.c.obj
 .rodata.vendord_open.str1.4
                0x10007bba       0x17 CMakeFiles/test.dir/C_/Pico/pico-sdk/lib/tinyusb/src/class/vendor/vendor_device.c.obj
 *fill*         0x10007bba        0x2 
 .rodata.__func__.0
                0x10007bbc        0xd CMakeFiles/test.dir/C_/Pico/pico-sdk/lib/tinyusb/src/class/vendor/vendor_device.c.obj
 .rodata.tusb_init.str1.4
                0x10007bc9       0x17 CMakeFiles/test.dir/C_/Pico/pico-sdk/lib/tinyusb/src/tusb.c.obj
 *fill*         0x10007bc9        0x3 
 .rodata.__func__.0
                0x10007bcc       0x19 CMakeFiles/test.dir/C_/Pico/pico-sdk/lib/tinyusb/src/tusb.c.obj
 *fill*         0x10007be5        0x3 
 .rodata.__func__.2
                0x10007be8       0x1a CMakeFiles/test.dir/C_/Pico/pico-sdk/lib/tinyusb/src/tusb.c.obj
 *fill*         0x10007c02        0x2 
 .rodata.__func__.3
                0x10007c04       0x23 CMakeFiles/test.dir/C_/Pico/pico-sdk/lib/tinyusb/src/tusb.c.obj
 *fill*         0x10007c27        0x1 
 .rodata.__func__.4
                0x10007c28       0x11 CMakeFiles/test.dir/C_/Pico/pico-sdk/lib/tinyusb/src/tusb.c.obj
 *fill*         0x10007c39        0x3 
 .rodata.__func__.5
                0x10007c3c        0xa CMakeFiles/test.dir/C_/Pico/pico-sdk/lib/tinyusb/src/tusb.c.obj
                0x10007c48                . = ALIGN (0x4)
 *fill*         0x10007c46        0x2 
 *(SORT_BY_ALIGNMENT(SORT_BY_NAME(.flashdata*)))
                0x10007c48                . = ALIGN (0x4)

.ARM.extab
 *(.ARM.extab* .gnu.linkonce.armextab.*)
                0x10007c48                __exidx_start = .

.ARM.exidx
 *(.ARM.exidx* .gnu.linkonce.armexidx.*)
                0x10007c48                __exidx_end = .
                0x10007c48                . = ALIGN (0x4)
                0x10007c48                __binary_info_start = .

.binary_info    0x10007c48       0x20
 *(.binary_info.keep.*)
 .binary_info.keep.__bi_ptr26
                0x10007c48        0x4 CMakeFiles/test.dir/C_/Pico/pico-sdk/src/rp2_common/pico_standard_binary_info/standard_binary_info.c.obj
 .binary_info.keep.__bi_ptr34
                0x10007c4c        0x4 CMakeFiles/test.dir/C_/Pico/pico-sdk/src/rp2_common/pico_standard_binary_info/standard_binary_info.c.obj
 .binary_info.keep.__bi_ptr42
                0x10007c50        0x4 CMakeFiles/test.dir/C_/Pico/pico-sdk/src/rp2_common/pico_standard_binary_info/standard_binary_info.c.obj
 .binary_info.keep.__bi_ptr48
                0x10007c54        0x4 CMakeFiles/test.dir/C_/Pico/pico-sdk/src/rp2_common/pico_standard_binary_info/standard_binary_info.c.obj
 .binary_info.keep.__bi_ptr54
                0x10007c58        0x4 CMakeFiles/test.dir/C_/Pico/pico-sdk/src/rp2_common/pico_standard_binary_info/standard_binary_info.c.obj
 .binary_info.keep.__bi_ptr78
                0x10007c5c        0x4 CMakeFiles/test.dir/C_/Pico/pico-sdk/src/rp2_common/pico_standard_binary_info/standard_binary_info.c.obj
 .binary_info.keep.__bi_ptr84
                0x10007c60        0x4 CMakeFiles/test.dir/C_/Pico/pico-sdk/src/rp2_common/pico_standard_binary_info/standard_binary_info.c.obj
 *(.binary_info.*)
 .binary_info.__bi_ptr197
                0x10007c64        0x4 CMakeFiles/test.dir/C_/Pico/pico-sdk/src/rp2_common/pico_stdio_usb/stdio_usb.c.obj
                0x10007c68                __binary_info_end = .

.rel.dyn        0x10007c68        0x0
 .rel.iplt      0x10007c68        0x0 c:/progra~1/raspbe~1/picosd~1.1/gcc-ar~1/bin/../lib/gcc/arm-none-eabi/10.3.1/thumb/v6-m/nofp/crtbegin.o
                0x10007c68                . = ALIGN (0x4)

.ram_vector_table
                0x20000000       0xc0
 *(.ram_vector_table)
 .ram_vector_table
                0x20000000       0xc0 CMakeFiles/test.dir/C_/Pico/pico-sdk/src/rp2_common/pico_runtime_init/runtime_init.c.obj
                0x20000000                ram_vector_table

.uninitialized_data
                0x200000c0        0x0
                0x200000c0                . = ALIGN (0x4)
 *(.uninitialized_data*)

.data           0x200000c0      0xc00 load address 0x10007c68
                0x200000c0                __data_start__ = .
 *(vtable)
 *(.time_critical*)
 .time_critical.mutex_try_enter
                0x200000c0       0x46 CMakeFiles/test.dir/C_/Pico/pico-sdk/src/common/pico_sync/mutex.c.obj
                0x200000c0                mutex_try_enter
 *fill*         0x20000106        0x2 
 .time_critical.mutex_enter_block_until
                0x20000108       0x8c CMakeFiles/test.dir/C_/Pico/pico-sdk/src/common/pico_sync/mutex.c.obj
                0x20000108                mutex_enter_block_until
 .time_critical.mutex_try_enter_block_until
                0x20000194       0x34 CMakeFiles/test.dir/C_/Pico/pico-sdk/src/common/pico_sync/mutex.c.obj
                0x20000194                mutex_try_enter_block_until
 .time_critical.mutex_enter_timeout_ms
                0x200001c8       0x3c CMakeFiles/test.dir/C_/Pico/pico-sdk/src/common/pico_sync/mutex.c.obj
                0x200001c8                mutex_enter_timeout_ms
 .time_critical.mutex_exit
                0x20000204       0x4c CMakeFiles/test.dir/C_/Pico/pico-sdk/src/common/pico_sync/mutex.c.obj
                0x20000204                mutex_exit
 .time_critical.flash_init_boot2_copyout
                0x20000250       0x30 CMakeFiles/test.dir/C_/Pico/pico-sdk/src/rp2_common/hardware_flash/flash.c.obj
 .time_critical.flash_enable_xip_via_boot2
                0x20000280       0x10 CMakeFiles/test.dir/C_/Pico/pico-sdk/src/rp2_common/hardware_flash/flash.c.obj
 .time_critical.flash_cs_force
                0x20000290       0x28 CMakeFiles/test.dir/C_/Pico/pico-sdk/src/rp2_common/hardware_flash/flash.c.obj
 .time_critical.flash_do_cmd
                0x200002b8       0xd8 CMakeFiles/test.dir/C_/Pico/pico-sdk/src/rp2_common/hardware_flash/flash.c.obj
                0x200002b8                flash_do_cmd
 .time_critical.reset_non_control_endpoints
                0x20000390       0x40 CMakeFiles/test.dir/C_/Pico/pico-sdk/lib/tinyusb/src/portable/raspberrypi/rp2040/dcd_rp2040.c.obj
 .time_critical.hw_handle_buff_status
                0x200003d0       0xa4 CMakeFiles/test.dir/C_/Pico/pico-sdk/lib/tinyusb/src/portable/raspberrypi/rp2040/dcd_rp2040.c.obj
 .time_critical.dcd_rp2040_irq
                0x20000474      0x22c CMakeFiles/test.dir/C_/Pico/pico-sdk/lib/tinyusb/src/portable/raspberrypi/rp2040/dcd_rp2040.c.obj
 .time_critical.prepare_ep_buffer
                0x200006a0       0x70 CMakeFiles/test.dir/C_/Pico/pico-sdk/lib/tinyusb/src/portable/raspberrypi/rp2040/rp2040_usb.c.obj
 .time_critical.e15_is_bulkin_ep
                0x20000710       0x2c CMakeFiles/test.dir/C_/Pico/pico-sdk/lib/tinyusb/src/portable/raspberrypi/rp2040/rp2040_usb.c.obj
 .time_critical.e15_is_critical_frame_period
                0x2000073c       0x30 CMakeFiles/test.dir/C_/Pico/pico-sdk/lib/tinyusb/src/portable/raspberrypi/rp2040/rp2040_usb.c.obj
 .time_critical.sync_ep_buffer
                0x2000076c       0x7c CMakeFiles/test.dir/C_/Pico/pico-sdk/lib/tinyusb/src/portable/raspberrypi/rp2040/rp2040_usb.c.obj
 .time_critical._hw_endpoint_xfer_sync
                0x200007e8       0x28 CMakeFiles/test.dir/C_/Pico/pico-sdk/lib/tinyusb/src/portable/raspberrypi/rp2040/rp2040_usb.c.obj
 .time_critical.hw_endpoint_reset_transfer
                0x20000810        0xc CMakeFiles/test.dir/C_/Pico/pico-sdk/lib/tinyusb/src/portable/raspberrypi/rp2040/rp2040_usb.c.obj
                0x20000810                hw_endpoint_reset_transfer
 .time_critical._hw_endpoint_buffer_control_update32
                0x2000081c       0x4c CMakeFiles/test.dir/C_/Pico/pico-sdk/lib/tinyusb/src/portable/raspberrypi/rp2040/rp2040_usb.c.obj
                0x2000081c                _hw_endpoint_buffer_control_update32
 .time_critical.hw_endpoint_start_next_buffer
                0x20000868       0x88 CMakeFiles/test.dir/C_/Pico/pico-sdk/lib/tinyusb/src/portable/raspberrypi/rp2040/rp2040_usb.c.obj
                0x20000868                hw_endpoint_start_next_buffer
 .time_critical.hw_endpoint_xfer_continue
                0x200008f0       0x40 CMakeFiles/test.dir/C_/Pico/pico-sdk/lib/tinyusb/src/portable/raspberrypi/rp2040/rp2040_usb.c.obj
                0x200008f0                hw_endpoint_xfer_continue
 .time_critical.tinyusb
                0x20000930      0x210 CMakeFiles/test.dir/C_/Pico/pico-sdk/lib/tinyusb/src/device/usbd.c.obj
                0x20000930                dcd_event_handler
 *(.text*)
 .text          0x20000b40        0x4 c:/progra~1/raspbe~1/picosd~1.1/gcc-ar~1/bin/../lib/gcc/arm-none-eabi/10.3.1/thumb/v6-m/nofp\libgcc.a(_dvmd_tls.o)
                0x20000b40                __aeabi_idiv0
                0x20000b40                __aeabi_ldiv0
 *fill*         0x20000b44        0x4 
 .text.__stub   0x20000b48       0xb0 linker stubs
                0x20000bf8                . = ALIGN (0x4)
 *(.rodata*)
                0x20000bf8                . = ALIGN (0x4)
 *(.data*)
 .data.striped_spin_lock_num
                0x20000bf8        0x1 CMakeFiles/test.dir/C_/Pico/pico-sdk/src/rp2_common/hardware_sync/sync.c.obj
 *fill*         0x20000bf9        0x3 
 .data          0x20000bfc       0x48 CMakeFiles/test.dir/C_/Pico/pico-sdk/src/rp2_common/hardware_irq/irq_handler_chain.S.obj
                0x20000bfc                irq_handler_chain_slots
                0x20000c2c                irq_handler_chain_first_slot
                0x20000c36                irq_handler_chain_remove_tail
 .data.default_alarm_pool
                0x20000c44       0x18 CMakeFiles/test.dir/C_/Pico/pico-sdk/src/common/pico_time/time.c.obj
 *fill*         0x20000c5c        0x4 
 .data.aeabi_bits_funcs
                0x20000c60       0x10 CMakeFiles/test.dir/C_/Pico/pico-sdk/src/rp2_common/pico_bit_ops/bit_ops_aeabi.S.obj
                0x20000c60                aeabi_bits_funcs
                0x20000c70                aeabi_bits_funcs_end
 .data.aeabi_mem_funcs
                0x20000c70       0x10 CMakeFiles/test.dir/C_/Pico/pico-sdk/src/rp2_common/pico_mem_ops/mem_ops_aeabi.S.obj
                0x20000c70                aeabi_mem_funcs
                0x20000c80                aeabi_mem_funcs_end
 .data.stdio_usb
                0x20000c80       0x18 CMakeFiles/test.dir/C_/Pico/pico-sdk/src/rp2_common/pico_stdio_usb/stdio_usb.c.obj
                0x20000c80                stdio_usb
 .data._usbd_qdef
                0x20000c98       0x1c CMakeFiles/test.dir/C_/Pico/pico-sdk/lib/tinyusb/src/device/usbd.c.obj
                0x20000c98                _usbd_qdef
 .data._usbd_rhport
                0x20000cb4        0x1 CMakeFiles/test.dir/C_/Pico/pico-sdk/lib/tinyusb/src/device/usbd.c.obj
                0x20000cb8                . = ALIGN (0x4)
 *fill*         0x20000cb5        0x3 
 *(.after_data.*)
                0x20000cb8                . = ALIGN (0x4)
                0x20000cb8                PROVIDE (__mutex_array_start = .)
 *(SORT_BY_NAME(.mutex_array.*))
 *(.mutex_array)
 .mutex_array   0x20000cb8        0x8 CMakeFiles/test.dir/C_/Pico/pico-sdk/src/rp2_common/pico_stdio/stdio.c.obj
                0x20000cc0                PROVIDE (__mutex_array_end = .)
                0x20000cc0                . = ALIGN (0x4)
 *(.jcr)
                0x20000cc0                . = ALIGN (0x4)

.igot.plt       0x20000cc0        0x0 load address 0x10008868
 .igot.plt      0x20000cc0        0x0 c:/progra~1/raspbe~1/picosd~1.1/gcc-ar~1/bin/../lib/gcc/arm-none-eabi/10.3.1/thumb/v6-m/nofp/crtbegin.o

.tdata          0x20000cc0        0x0 load address 0x10008868
                0x20000cc0                . = ALIGN (0x4)
 *(.tdata .tdata.* .gnu.linkonce.td.*)
                0x20000cc0                __tdata_end = .
                0x20000cc0                PROVIDE (__data_end__ = .)
                0x10007c68                __etext = LOADADDR (.data)

.tbss           0x20000cc0        0x0 load address 0x10008868
                0x20000cc0                . = ALIGN (0x4)
                0x20000cc0                __bss_start__ = .
                0x20000cc0                __tls_base = .
 *(.tbss .tbss.* .gnu.linkonce.tb.*)
 *(.tcommon)
                0x20000cc0                __tls_end = .

.bss            0x20000cc0     0x1078 load address 0x10008868
                0x20000cc0                . = ALIGN (0x4)
                0x20000cc0                __tbss_end = .
 *(SORT_BY_ALIGNMENT(SORT_BY_NAME(.bss*)))
 .bss.default_alarm_pool_entries
                0x20000cc0      0x180 CMakeFiles/test.dir/C_/Pico/pico-sdk/src/common/pico_time/time.c.obj
 .bss.last_avail_time.3
                0x20000e40        0x8 CMakeFiles/test.dir/C_/Pico/pico-sdk/src/rp2_common/pico_stdio_usb/stdio_usb.c.obj
 .bss           0x20000e48       0x1c c:/progra~1/raspbe~1/picosd~1.1/gcc-ar~1/bin/../lib/gcc/arm-none-eabi/10.3.1/thumb/v6-m/nofp/crtbegin.o
 .bss._app_driver
                0x20000e64        0x4 CMakeFiles/test.dir/C_/Pico/pico-sdk/lib/tinyusb/src/device/usbd.c.obj
 .bss._cdcd_fifo_cfg
                0x20000e68        0x1 CMakeFiles/test.dir/C_/Pico/pico-sdk/lib/tinyusb/src/class/cdc/cdc_device.c.obj
 *fill*         0x20000e69        0x3 
 .bss._cdcd_itf
                0x20000e6c      0x2c8 CMakeFiles/test.dir/C_/Pico/pico-sdk/lib/tinyusb/src/class/cdc/cdc_device.c.obj
 .bss._ctrl_xfer
                0x20001134       0x14 CMakeFiles/test.dir/C_/Pico/pico-sdk/lib/tinyusb/src/device/usbd_control.c.obj
 .bss._ubsd_mutexdef
                0x20001148        0x8 CMakeFiles/test.dir/C_/Pico/pico-sdk/lib/tinyusb/src/device/usbd.c.obj
 .bss._usbd_ctrl_buf
                0x20001150       0x40 CMakeFiles/test.dir/C_/Pico/pico-sdk/lib/tinyusb/src/device/usbd_control.c.obj
 .bss._usbd_dev
                0x20001190       0x54 CMakeFiles/test.dir/C_/Pico/pico-sdk/lib/tinyusb/src/device/usbd.c.obj
 .bss._usbd_mutex
                0x200011e4        0x4 CMakeFiles/test.dir/C_/Pico/pico-sdk/lib/tinyusb/src/device/usbd.c.obj
 .bss._usbd_q   0x200011e8        0x4 CMakeFiles/test.dir/C_/Pico/pico-sdk/lib/tinyusb/src/device/usbd.c.obj
 .bss._usbd_qdef_buf
                0x200011ec       0xc0 CMakeFiles/test.dir/C_/Pico/pico-sdk/lib/tinyusb/src/device/usbd.c.obj
                0x200011ec                _usbd_qdef_buf
 .bss._vendord_itf
                0x200012ac      0x2cc CMakeFiles/test.dir/C_/Pico/pico-sdk/lib/tinyusb/src/class/vendor/vendor_device.c.obj
 .bss.boot2_copyout
                0x20001578      0x100 CMakeFiles/test.dir/C_/Pico/pico-sdk/src/rp2_common/hardware_flash/flash.c.obj
 .bss.chars_available_callback
                0x20001678        0x4 CMakeFiles/test.dir/C_/Pico/pico-sdk/src/rp2_common/pico_stdio_usb/stdio_usb.c.obj
 .bss.chars_available_param
                0x2000167c        0x4 CMakeFiles/test.dir/C_/Pico/pico-sdk/src/rp2_common/pico_stdio_usb/stdio_usb.c.obj
 .bss.claimed   0x20001680        0x4 CMakeFiles/test.dir/C_/Pico/pico-sdk/src/rp2_common/hardware_sync/sync.c.obj